[2026-09-12 03:47:34] Syncing gs://consultation-briefing-system-leads-sheet/leads.xlsx -> /Users/Ganesh/OneDrive - Mary Kennedy Law Offices/Calendly_Consultation_Clients.xlsx
ERROR: (gcloud.storage.cp) The following URLs matched no objects or files:
gs://consultation-briefing-system-leads-sheet/leads.xlsx
[2026-09-12 03:47:36] Sync FAILED (see above)
[2026-09-12 03:50:01] Syncing gs://consultation-briefing-system-leads-sheet/leads.xlsx -> /Users/Ganesh/OneDrive - Mary Kennedy Law Offices/Calendly_Consultation_Clients.xlsx
ERROR: (gcloud.storage.cp) The following URLs matched no objects or files:
gs://consultation-briefing-system-leads-sheet/leads.xlsx
[2026-09-12 03:50:04] Sync FAILED (see above)
[2026-09-12 03:55:00] Syncing gs://consultation-briefing-system-leads-sheet/leads.xlsx -> /Users/Ganesh/OneDrive - Mary Kennedy Law Offices/Calendly_Consultation_Clients.xlsx
Copying gs://consultation-briefing-system-leads-sheet/leads.xlsx to file:///Users/Ganesh/OneDrive - Mary Kennedy Law Offices/Calendly_Consultation_Clients.xlsx
  
............
[2026-09-12 03:55:06] Sync OK
[2026-09-12 04:00:00] Syncing gs://consultation-briefing-system-leads-sheet/leads.xlsx -> /Users/Ganesh/OneDrive - Mary Kennedy Law Offices/Calendly_Consultation_Clients.xlsx
Copying gs://consultation-briefing-system-leads-sheet/leads.xlsx to file:///Users/Ganesh/OneDrive - Mary Kennedy Law Offices/Calendly_Consultation_Clients.xlsx
  
.......................
[2026-09-12 04:00:10] Sync OK
[2026-09-12 04:05:00] Syncing gs://consultation-briefing-system-leads-sheet/leads.xlsx -> /Users/Ganesh/OneDrive - Mary Kennedy Law Offices/Calendly_Consultation_Clients.xlsx
Copying gs://consultation-briefing-system-leads-sheet/leads.xlsx to file:///Users/Ganesh/OneDrive - Mary Kennedy Law Offices/Calendly_Consultation_Clients.xlsx
  
................
[2026-09-12 04:05:06] Sync OK
[2026-09-12 04:10:00] Syncing gs://consultation-briefing-system-leads-sheet/leads.xlsx -> /Users/Ganesh/OneDrive - Mary Kennedy Law Offices/Calendly_Consultation_Clients.xlsx
Copying gs://consultation-briefing-system-leads-sheet/leads.xlsx to file:///Users/Ganesh/OneDrive - Mary Kennedy Law Offices/Calendly_Consultation_Clients.xlsx
  
............
[2026-09-12 04:10:06] Sync OK
[2026-09-12 04:15:00] Syncing gs://consultation-briefing-system-leads-sheet/leads.xlsx -> /Users/Ganesh/OneDrive - Mary Kennedy Law Offices/Calendly_Consultation_Clients.xlsx
Copying gs://consultation-briefing-system-leads-sheet/leads.xlsx to file:///Users/Ganesh/OneDrive - Mary Kennedy Law Offices/Calendly_Consultation_Clients.xlsx
  
....................
[2026-09-12 04:15:09] Sync OK
[2026-09-12 04:20:00] Syncing gs://consultation-briefing-system-leads-sheet/leads.xlsx -> /Users/Ganesh/OneDrive - Mary Kennedy Law Offices/Calendly_Consultation_Clients.xlsx
Copying gs://consultation-briefing-system-leads-sheet/leads.xlsx to file:///Users/Ganesh/OneDrive - Mary Kennedy Law Offices/Calendly_Consultation_Clients.xlsx
  
......................
[2026-09-12 04:20:09] Sync OK
[2026-09-12 04:25:00] Syncing gs://consultation-briefing-system-leads-sheet/leads.xlsx -> /Users/Ganesh/OneDrive - Mary Kennedy Law Offices/Calendly_Consultation_Clients.xlsx
Copying gs://consultation-briefing-system-leads-sheet/leads.xlsx to file:///Users/Ganesh/OneDrive - Mary Kennedy Law Offices/Calendly_Consultation_Clients.xlsx
  
.....................
[2026-09-12 04:25:08] Sync OK
[2026-09-12 04:30:00] Syncing gs://consultation-briefing-system-leads-sheet/leads.xlsx -> /Users/Ganesh/OneDrive - Mary Kennedy Law Offices/Calendly_Consultation_Clients.xlsx
Copying gs://consultation-briefing-system-leads-sheet/leads.xlsx to file:///Users/Ganesh/OneDrive - Mary Kennedy Law Offices/Calendly_Consultation_Clients.xlsx
  
...................
[2026-09-12 04:30:09] Sync OK
[2026-09-14 16:35:00] Syncing gs://consultation-briefing-system-leads-sheet/leads.xlsx -> /Users/Ganesh/OneDrive - Mary Kennedy Law Offices/Calendly_Consultation_Clients.xlsx
ERROR: (gcloud.storage.cp) There was a problem refreshing your current auth tokens: Reauthentication failed. cannot prompt during non-interactive execution.
Please run:

  $ gcloud auth login

to obtain new credentials.

If you have already logged in with a different account, run:

  $ gcloud config set account ACCOUNT

to select an already authenticated account to use.
[2026-09-14 16:35:03] Sync FAILED (see above)
[2026-09-14 16:40:00] Syncing gs://consultation-briefing-system-leads-sheet/leads.xlsx -> /Users/Ganesh/OneDrive - Mary Kennedy Law Offices/Calendly_Consultation_Clients.xlsx
ERROR: (gcloud.storage.cp) There was a problem refreshing your current auth tokens: Reauthentication failed. cannot prompt during non-interactive execution.
Please run:

  $ gcloud auth login

to obtain new credentials.

If you have already logged in with a different account, run:

  $ gcloud config set account ACCOUNT

to select an already authenticated account to use.
[2026-09-14 16:40:03] Sync FAILED (see above)
[2026-09-14 16:45:00] Syncing gs://consultation-briefing-system-leads-sheet/leads.xlsx -> /Users/Ganesh/OneDrive - Mary Kennedy Law Offices/Calendly_Consultation_Clients.xlsx
Copying gs://consultation-briefing-system-leads-sheet/leads.xlsx to file:///Users/Ganesh/OneDrive - Mary Kennedy Law Offices/Calendly_Consultation_Clients.xlsx
  
.....................
[2026-09-14 16:45:08] Sync OK
[2026-09-14 16:50:00] Syncing gs://consultation-briefing-system-leads-sheet/leads.xlsx -> /Users/Ganesh/OneDrive - Mary Kennedy Law Offices/Calendly_Consultation_Clients.xlsx
Copying gs://consultation-briefing-system-leads-sheet/leads.xlsx to file:///Users/Ganesh/OneDrive - Mary Kennedy Law Offices/Calendly_Consultation_Clients.xlsx
  
................
[2026-09-14 16:50:07] Sync OK
[2026-09-14 16:55:00] Syncing gs://consultation-briefing-system-leads-sheet/leads.xlsx -> /Users/Ganesh/OneDrive - Mary Kennedy Law Offices/Calendly_Consultation_Clients.xlsx
Copying gs://consultation-briefing-system-leads-sheet/leads.xlsx to file:///Users/Ganesh/OneDrive - Mary Kennedy Law Offices/Calendly_Consultation_Clients.xlsx
  
..........
[2026-09-14 16:55:07] Sync OK
[2026-09-14 17:00:00] Syncing gs://consultation-briefing-system-leads-sheet/leads.xlsx -> /Users/Ganesh/OneDrive - Mary Kennedy Law Offices/Calendly_Consultation_Clients.xlsx
Copying gs://consultation-briefing-system-leads-sheet/leads.xlsx to file:///Users/Ganesh/OneDrive - Mary Kennedy Law Offices/Calendly_Consultation_Clients.xlsx
  
..............
[2026-09-14 17:00:09] Sync OK
[2026-09-14 17:05:00] Syncing gs://consultation-briefing-system-leads-sheet/leads.xlsx -> /Users/Ganesh/OneDrive - Mary Kennedy Law Offices/Calendly_Consultation_Clients.xlsx
Copying gs://consultation-briefing-system-leads-sheet/leads.xlsx to file:///Users/Ganesh/OneDrive - Mary Kennedy Law Offices/Calendly_Consultation_Clients.xlsx
  
...........
[2026-09-14 17:05:06] Sync OK
[2026-09-14 17:10:00] Syncing gs://consultation-briefing-system-leads-sheet/leads.xlsx -> /Users/Ganesh/OneDrive - Mary Kennedy Law Offices/Calendly_Consultation_Clients.xlsx
Copying gs://consultation-briefing-system-leads-sheet/leads.xlsx to file:///Users/Ganesh/OneDrive - Mary Kennedy Law Offices/Calendly_Consultation_Clients.xlsx
  
..............
[2026-09-14 17:10:08] Sync OK
[2026-09-14 17:15:00] Syncing gs://consultation-briefing-system-leads-sheet/leads.xlsx -> /Users/Ganesh/OneDrive - Mary Kennedy Law Offices/Calendly_Consultation_Clients.xlsx
Copying gs://consultation-briefing-system-leads-sheet/leads.xlsx to file:///Users/Ganesh/OneDrive - Mary Kennedy Law Offices/Calendly_Consultation_Clients.xlsx
  
.........
[2026-09-14 17:15:05] Sync OK
[2026-09-14 17:20:00] Syncing gs://consultation-briefing-system-leads-sheet/leads.xlsx -> /Users/Ganesh/OneDrive - Mary Kennedy Law Offices/Calendly_Consultation_Clients.xlsx
Copying gs://consultation-briefing-system-leads-sheet/leads.xlsx to file:///Users/Ganesh/OneDrive - Mary Kennedy Law Offices/Calendly_Consultation_Clients.xlsx
  
.........
[2026-09-14 17:20:05] Sync OK
[2026-09-14 17:25:00] Syncing gs://consultation-briefing-system-leads-sheet/leads.xlsx -> /Users/Ganesh/OneDrive - Mary Kennedy Law Offices/Calendly_Consultation_Clients.xlsx
Copying gs://consultation-briefing-system-leads-sheet/leads.xlsx to file:///Users/Ganesh/OneDrive - Mary Kennedy Law Offices/Calendly_Consultation_Clients.xlsx
  
..................
[2026-09-14 17:25:09] Sync OK
[2026-09-14 17:30:00] Syncing gs://consultation-briefing-system-leads-sheet/leads.xlsx -> /Users/Ganesh/OneDrive - Mary Kennedy Law Offices/Calendly_Consultation_Clients.xlsx
Copying gs://consultation-briefing-system-leads-sheet/leads.xlsx to file:///Users/Ganesh/OneDrive - Mary Kennedy Law Offices/Calendly_Consultation_Clients.xlsx
  
..............
[2026-09-14 17:30:08] Sync OK
[2026-09-14 17:35:00] Syncing gs://consultation-briefing-system-leads-sheet/leads.xlsx -> /Users/Ganesh/OneDrive - Mary Kennedy Law Offices/Calendly_Consultation_Clients.xlsx
Copying gs://consultation-briefing-system-leads-sheet/leads.xlsx to file:///Users/Ganesh/OneDrive - Mary Kennedy Law Offices/Calendly_Consultation_Clients.xlsx
  
.........
[2026-09-14 17:35:05] Sync OK
[2026-09-14 17:40:00] Syncing gs://consultation-briefing-system-leads-sheet/leads.xlsx -> /Users/Ganesh/OneDrive - Mary Kennedy Law Offices/Calendly_Consultation_Clients.xlsx
Copying gs://consultation-briefing-system-leads-sheet/leads.xlsx to file:///Users/Ganesh/OneDrive - Mary Kennedy Law Offices/Calendly_Consultation_Clients.xlsx
  
.............
[2026-09-14 17:40:07] Sync OK
[2026-09-14 17:45:00] Syncing gs://consultation-briefing-system-leads-sheet/leads.xlsx -> /Users/Ganesh/OneDrive - Mary Kennedy Law Offices/Calendly_Consultation_Clients.xlsx
Copying gs://consultation-briefing-system-leads-sheet/leads.xlsx to file:///Users/Ganesh/OneDrive - Mary Kennedy Law Offices/Calendly_Consultation_Clients.xlsx
  
.............
[2026-09-14 17:45:07] Sync OK
[2026-09-14 17:50:00] Syncing gs://consultation-briefing-system-leads-sheet/leads.xlsx -> /Users/Ganesh/OneDrive - Mary Kennedy Law Offices/Calendly_Consultation_Clients.xlsx
Copying gs://consultation-briefing-system-leads-sheet/leads.xlsx to file:///Users/Ganesh/OneDrive - Mary Kennedy Law Offices/Calendly_Consultation_Clients.xlsx
  
.............
[2026-09-14 17:50:07] Sync OK
[2026-09-14 17:55:00] Syncing gs://consultation-briefing-system-leads-sheet/leads.xlsx -> /Users/Ganesh/OneDrive - Mary Kennedy Law Offices/Calendly_Consultation_Clients.xlsx
Copying gs://consultation-briefing-system-leads-sheet/leads.xlsx to file:///Users/Ganesh/OneDrive - Mary Kennedy Law Offices/Calendly_Consultation_Clients.xlsx
  
..............
[2026-09-14 17:55:08] Sync OK
[2026-09-14 18:00:00] Syncing gs://consultation-briefing-system-leads-sheet/leads.xlsx -> /Users/Ganesh/OneDrive - Mary Kennedy Law Offices/Calendly_Consultation_Clients.xlsx
Copying gs://consultation-briefing-system-leads-sheet/leads.xlsx to file:///Users/Ganesh/OneDrive - Mary Kennedy Law Offices/Calendly_Consultation_Clients.xlsx
  
...........
[2026-09-14 18:00:06] Sync OK
[2026-09-14 18:05:01] Syncing gs://consultation-briefing-system-leads-sheet/leads.xlsx -> /Users/Ganesh/OneDrive - Mary Kennedy Law Offices/Calendly_Consultation_Clients.xlsx
Copying gs://consultation-briefing-system-leads-sheet/leads.xlsx to file:///Users/Ganesh/OneDrive - Mary Kennedy Law Offices/Calendly_Consultation_Clients.xlsx
  
.........
[2026-09-14 18:05:07] Sync OK
[2026-09-14 18:10:00] Syncing gs://consultation-briefing-system-leads-sheet/leads.xlsx -> /Users/Ganesh/OneDrive - Mary Kennedy Law Offices/Calendly_Consultation_Clients.xlsx
Copying gs://consultation-briefing-system-leads-sheet/leads.xlsx to file:///Users/Ganesh/OneDrive - Mary Kennedy Law Offices/Calendly_Consultation_Clients.xlsx
  
...........
[2026-09-14 18:10:06] Sync OK
[2026-09-14 18:15:00] Syncing gs://consultation-briefing-system-leads-sheet/leads.xlsx -> /Users/Ganesh/OneDrive - Mary Kennedy Law Offices/Calendly_Consultation_Clients.xlsx
Copying gs://consultation-briefing-system-leads-sheet/leads.xlsx to file:///Users/Ganesh/OneDrive - Mary Kennedy Law Offices/Calendly_Consultation_Clients.xlsx
  
............
[2026-09-14 18:15:06] Sync OK
[2026-09-14 18:20:00] Syncing gs://consultation-briefing-system-leads-sheet/leads.xlsx -> /Users/Ganesh/OneDrive - Mary Kennedy Law Offices/Calendly_Consultation_Clients.xlsx
Copying gs://consultation-briefing-system-leads-sheet/leads.xlsx to file:///Users/Ganesh/OneDrive - Mary Kennedy Law Offices/Calendly_Consultation_Clients.xlsx
  
................
[2026-09-14 18:20:07] Sync OK
[2026-09-14 18:25:00] Syncing gs://consultation-briefing-system-leads-sheet/leads.xlsx -> /Users/Ganesh/OneDrive - Mary Kennedy Law Offices/Calendly_Consultation_Clients.xlsx
Copying gs://consultation-briefing-system-leads-sheet/leads.xlsx to file:///Users/Ganesh/OneDrive - Mary Kennedy Law Offices/Calendly_Consultation_Clients.xlsx
  
...............
[2026-09-14 18:25:07] Sync OK
[2026-09-14 18:30:00] Syncing gs://consultation-briefing-system-leads-sheet/leads.xlsx -> /Users/Ganesh/OneDrive - Mary Kennedy Law Offices/Calendly_Consultation_Clients.xlsx
Copying gs://consultation-briefing-system-leads-sheet/leads.xlsx to file:///Users/Ganesh/OneDrive - Mary Kennedy Law Offices/Calendly_Consultation_Clients.xlsx
  
.............
[2026-09-14 18:30:06] Sync OK
[2026-09-14 18:35:00] Syncing gs://consultation-briefing-system-leads-sheet/leads.xlsx -> /Users/Ganesh/OneDrive - Mary Kennedy Law Offices/Calendly_Consultation_Clients.xlsx
Copying gs://consultation-briefing-system-leads-sheet/leads.xlsx to file:///Users/Ganesh/OneDrive - Mary Kennedy Law Offices/Calendly_Consultation_Clients.xlsx
  
........
[2026-09-14 18:35:06] Sync OK
[2026-09-14 18:40:00] Syncing gs://consultation-briefing-system-leads-sheet/leads.xlsx -> /Users/Ganesh/OneDrive - Mary Kennedy Law Offices/Calendly_Consultation_Clients.xlsx
Copying gs://consultation-briefing-system-leads-sheet/leads.xlsx to file:///Users/Ganesh/OneDrive - Mary Kennedy Law Offices/Calendly_Consultation_Clients.xlsx
  
.........
[2026-09-14 18:40:05] Sync OK
[2026-09-14 18:45:00] Syncing gs://consultation-briefing-system-leads-sheet/leads.xlsx -> /Users/Ganesh/OneDrive - Mary Kennedy Law Offices/Calendly_Consultation_Clients.xlsx
Copying gs://consultation-briefing-system-leads-sheet/leads.xlsx to file:///Users/Ganesh/OneDrive - Mary Kennedy Law Offices/Calendly_Consultation_Clients.xlsx
  
.........
[2026-09-14 18:45:05] Sync OK
[2026-09-14 18:50:00] Syncing gs://consultation-briefing-system-leads-sheet/leads.xlsx -> /Users/Ganesh/OneDrive - Mary Kennedy Law Offices/Calendly_Consultation_Clients.xlsx
Copying gs://consultation-briefing-system-leads-sheet/leads.xlsx to file:///Users/Ganesh/OneDrive - Mary Kennedy Law Offices/Calendly_Consultation_Clients.xlsx
  
.................
[2026-09-14 18:50:09] Sync OK
[2026-09-14 18:55:00] Syncing gs://consultation-briefing-system-leads-sheet/leads.xlsx -> /Users/Ganesh/OneDrive - Mary Kennedy Law Offices/Calendly_Consultation_Clients.xlsx
Copying gs://consultation-briefing-system-leads-sheet/leads.xlsx to file:///Users/Ganesh/OneDrive - Mary Kennedy Law Offices/Calendly_Consultation_Clients.xlsx
  
................
[2026-09-14 18:55:08] Sync OK
[2026-09-14 19:00:01] Syncing gs://consultation-briefing-system-leads-sheet/leads.xlsx -> /Users/Ganesh/OneDrive - Mary Kennedy Law Offices/Calendly_Consultation_Clients.xlsx
Copying gs://consultation-briefing-system-leads-sheet/leads.xlsx to file:///Users/Ganesh/OneDrive - Mary Kennedy Law Offices/Calendly_Consultation_Clients.xlsx
  
................
[2026-09-14 19:00:08] Sync OK
[2026-09-14 19:10:00] Syncing gs://consultation-briefing-system-leads-sheet/leads.xlsx -> /Users/Ganesh/OneDrive - Mary Kennedy Law Offices/Calendly_Consultation_Clients.xlsx
Copying gs://consultation-briefing-system-leads-sheet/leads.xlsx to file:///Users/Ganesh/OneDrive - Mary Kennedy Law Offices/Calendly_Consultation_Clients.xlsx
  
............
[2026-09-14 19:10:07] Sync OK
[2026-09-14 19:15:00] Syncing gs://consultation-briefing-system-leads-sheet/leads.xlsx -> /Users/Ganesh/OneDrive - Mary Kennedy Law Offices/Calendly_Consultation_Clients.xlsx
Copying gs://consultation-briefing-system-leads-sheet/leads.xlsx to file:///Users/Ganesh/OneDrive - Mary Kennedy Law Offices/Calendly_Consultation_Clients.xlsx
  
...........
[2026-09-14 19:15:05] Sync OK
[2026-09-14 19:20:00] Syncing gs://consultation-briefing-system-leads-sheet/leads.xlsx -> /Users/Ganesh/OneDrive - Mary Kennedy Law Offices/Calendly_Consultation_Clients.xlsx
Copying gs://consultation-briefing-system-leads-sheet/leads.xlsx to file:///Users/Ganesh/OneDrive - Mary Kennedy Law Offices/Calendly_Consultation_Clients.xlsx
  
...........
[2026-09-14 19:20:05] Sync OK
[2026-09-14 19:25:00] Syncing gs://consultation-briefing-system-leads-sheet/leads.xlsx -> /Users/Ganesh/OneDrive - Mary Kennedy Law Offices/Calendly_Consultation_Clients.xlsx
Copying gs://consultation-briefing-system-leads-sheet/leads.xlsx to file:///Users/Ganesh/OneDrive - Mary Kennedy Law Offices/Calendly_Consultation_Clients.xlsx
  
............
[2026-09-14 19:25:06] Sync OK
[2026-09-14 19:30:00] Syncing gs://consultation-briefing-system-leads-sheet/leads.xlsx -> /Users/Ganesh/OneDrive - Mary Kennedy Law Offices/Calendly_Consultation_Clients.xlsx
Copying gs://consultation-briefing-system-leads-sheet/leads.xlsx to file:///Users/Ganesh/OneDrive - Mary Kennedy Law Offices/Calendly_Consultation_Clients.xlsx
  
.....................
[2026-09-14 19:30:09] Sync OK
[2026-09-14 19:35:00] Syncing gs://consultation-briefing-system-leads-sheet/leads.xlsx -> /Users/Ganesh/OneDrive - Mary Kennedy Law Offices/Calendly_Consultation_Clients.xlsx
Copying gs://consultation-briefing-system-leads-sheet/leads.xlsx to file:///Users/Ganesh/OneDrive - Mary Kennedy Law Offices/Calendly_Consultation_Clients.xlsx
  
....................
[2026-09-14 19:35:09] Sync OK
[2026-09-14 19:40:00] Syncing gs://consultation-briefing-system-leads-sheet/leads.xlsx -> /Users/Ganesh/OneDrive - Mary Kennedy Law Offices/Calendly_Consultation_Clients.xlsx
Copying gs://consultation-briefing-system-leads-sheet/leads.xlsx to file:///Users/Ganesh/OneDrive - Mary Kennedy Law Offices/Calendly_Consultation_Clients.xlsx
  
............
[2026-09-14 19:40:06] Sync OK
[2026-09-14 19:45:00] Syncing gs://consultation-briefing-system-leads-sheet/leads.xlsx -> /Users/Ganesh/OneDrive - Mary Kennedy Law Offices/Calendly_Consultation_Clients.xlsx
Copying gs://consultation-briefing-system-leads-sheet/leads.xlsx to file:///Users/Ganesh/OneDrive - Mary Kennedy Law Offices/Calendly_Consultation_Clients.xlsx
  
................
[2026-09-14 19:45:06] Sync OK
[2026-09-14 19:50:00] Syncing gs://consultation-briefing-system-leads-sheet/leads.xlsx -> /Users/Ganesh/OneDrive - Mary Kennedy Law Offices/Calendly_Consultation_Clients.xlsx
Copying gs://consultation-briefing-system-leads-sheet/leads.xlsx to file:///Users/Ganesh/OneDrive - Mary Kennedy Law Offices/Calendly_Consultation_Clients.xlsx
  
......................
[2026-09-14 19:50:09] Sync OK
[2026-09-14 19:55:00] Syncing gs://consultation-briefing-system-leads-sheet/leads.xlsx -> /Users/Ganesh/OneDrive - Mary Kennedy Law Offices/Calendly_Consultation_Clients.xlsx
Copying gs://consultation-briefing-system-leads-sheet/leads.xlsx to file:///Users/Ganesh/OneDrive - Mary Kennedy Law Offices/Calendly_Consultation_Clients.xlsx
  
......................
[2026-09-14 19:55:08] Sync OK
[2026-09-14 20:00:00] Syncing gs://consultation-briefing-system-leads-sheet/leads.xlsx -> /Users/Ganesh/OneDrive - Mary Kennedy Law Offices/Calendly_Consultation_Clients.xlsx
Copying gs://consultation-briefing-system-leads-sheet/leads.xlsx to file:///Users/Ganesh/OneDrive - Mary Kennedy Law Offices/Calendly_Consultation_Clients.xlsx
  
.....................
[2026-09-14 20:00:08] Sync OK
[2026-09-14 20:05:00] Syncing gs://consultation-briefing-system-leads-sheet/leads.xlsx -> /Users/Ganesh/OneDrive - Mary Kennedy Law Offices/Calendly_Consultation_Clients.xlsx
Copying gs://consultation-briefing-system-leads-sheet/leads.xlsx to file:///Users/Ganesh/OneDrive - Mary Kennedy Law Offices/Calendly_Consultation_Clients.xlsx
  
............
[2026-09-14 20:05:05] Sync OK
[2026-09-14 20:10:00] Syncing gs://consultation-briefing-system-leads-sheet/leads.xlsx -> /Users/Ganesh/OneDrive - Mary Kennedy Law Offices/Calendly_Consultation_Clients.xlsx
Copying gs://consultation-briefing-system-leads-sheet/leads.xlsx to file:///Users/Ganesh/OneDrive - Mary Kennedy Law Offices/Calendly_Consultation_Clients.xlsx
  
................
[2026-09-14 20:10:08] Sync OK
[2026-09-14 20:15:00] Syncing gs://consultation-briefing-system-leads-sheet/leads.xlsx -> /Users/Ganesh/OneDrive - Mary Kennedy Law Offices/Calendly_Consultation_Clients.xlsx
Copying gs://consultation-briefing-system-leads-sheet/leads.xlsx to file:///Users/Ganesh/OneDrive - Mary Kennedy Law Offices/Calendly_Consultation_Clients.xlsx
  
................
[2026-09-14 20:15:06] Sync OK
[2026-09-14 20:20:00] Syncing gs://consultation-briefing-system-leads-sheet/leads.xlsx -> /Users/Ganesh/OneDrive - Mary Kennedy Law Offices/Calendly_Consultation_Clients.xlsx
Copying gs://consultation-briefing-system-leads-sheet/leads.xlsx to file:///Users/Ganesh/OneDrive - Mary Kennedy Law Offices/Calendly_Consultation_Clients.xlsx
  
.....................
[2026-09-14 20:20:07] Sync OK
[2026-09-14 20:25:01] Syncing gs://consultation-briefing-system-leads-sheet/leads.xlsx -> /Users/Ganesh/OneDrive - Mary Kennedy Law Offices/Calendly_Consultation_Clients.xlsx
Copying gs://consultation-briefing-system-leads-sheet/leads.xlsx to file:///Users/Ganesh/OneDrive - Mary Kennedy Law Offices/Calendly_Consultation_Clients.xlsx
  
...............
[2026-09-14 20:25:07] Sync OK
[2026-09-14 20:30:00] Syncing gs://consultation-briefing-system-leads-sheet/leads.xlsx -> /Users/Ganesh/OneDrive - Mary Kennedy Law Offices/Calendly_Consultation_Clients.xlsx
Copying gs://consultation-briefing-system-leads-sheet/leads.xlsx to file:///Users/Ganesh/OneDrive - Mary Kennedy Law Offices/Calendly_Consultation_Clients.xlsx
  
.................
[2026-09-14 20:30:08] Sync OK
[2026-09-14 20:35:00] Syncing gs://consultation-briefing-system-leads-sheet/leads.xlsx -> /Users/Ganesh/OneDrive - Mary Kennedy Law Offices/Calendly_Consultation_Clients.xlsx
Copying gs://consultation-briefing-system-leads-sheet/leads.xlsx to file:///Users/Ganesh/OneDrive - Mary Kennedy Law Offices/Calendly_Consultation_Clients.xlsx
  
............
[2026-09-14 20:35:05] Sync OK
[2026-09-14 20:40:00] Syncing gs://consultation-briefing-system-leads-sheet/leads.xlsx -> /Users/Ganesh/OneDrive - Mary Kennedy Law Offices/Calendly_Consultation_Clients.xlsx
Copying gs://consultation-briefing-system-leads-sheet/leads.xlsx to file:///Users/Ganesh/OneDrive - Mary Kennedy Law Offices/Calendly_Consultation_Clients.xlsx
  
............
[2026-09-14 20:40:06] Sync OK
[2026-09-14 20:45:00] Syncing gs://consultation-briefing-system-leads-sheet/leads.xlsx -> /Users/Ganesh/OneDrive - Mary Kennedy Law Offices/Calendly_Consultation_Clients.xlsx
Copying gs://consultation-briefing-system-leads-sheet/leads.xlsx to file:///Users/Ganesh/OneDrive - Mary Kennedy Law Offices/Calendly_Consultation_Clients.xlsx
  
.............
[2026-09-14 20:45:06] Sync OK
[2026-09-14 20:50:00] Syncing gs://consultation-briefing-system-leads-sheet/leads.xlsx -> /Users/Ganesh/OneDrive - Mary Kennedy Law Offices/Calendly_Consultation_Clients.xlsx
Copying gs://consultation-briefing-system-leads-sheet/leads.xlsx to file:///Users/Ganesh/OneDrive - Mary Kennedy Law Offices/Calendly_Consultation_Clients.xlsx
  
............
[2026-09-14 20:50:06] Sync OK
[2026-09-14 20:55:00] Syncing gs://consultation-briefing-system-leads-sheet/leads.xlsx -> /Users/Ganesh/OneDrive - Mary Kennedy Law Offices/Calendly_Consultation_Clients.xlsx
Copying gs://consultation-briefing-system-leads-sheet/leads.xlsx to file:///Users/Ganesh/OneDrive - Mary Kennedy Law Offices/Calendly_Consultation_Clients.xlsx
  
..........
[2026-09-14 20:55:05] Sync OK
[2026-09-14 21:00:00] Syncing gs://consultation-briefing-system-leads-sheet/leads.xlsx -> /Users/Ganesh/OneDrive - Mary Kennedy Law Offices/Calendly_Consultation_Clients.xlsx
Copying gs://consultation-briefing-system-leads-sheet/leads.xlsx to file:///Users/Ganesh/OneDrive - Mary Kennedy Law Offices/Calendly_Consultation_Clients.xlsx
  
...........
[2026-09-14 21:00:05] Sync OK
[2026-09-14 21:05:00] Syncing gs://consultation-briefing-system-leads-sheet/leads.xlsx -> /Users/Ganesh/OneDrive - Mary Kennedy Law Offices/Calendly_Consultation_Clients.xlsx
Copying gs://consultation-briefing-system-leads-sheet/leads.xlsx to file:///Users/Ganesh/OneDrive - Mary Kennedy Law Offices/Calendly_Consultation_Clients.xlsx
  
............
[2026-09-14 21:05:06] Sync OK
[2026-09-14 21:10:00] Syncing gs://consultation-briefing-system-leads-sheet/leads.xlsx -> /Users/Ganesh/OneDrive - Mary Kennedy Law Offices/Calendly_Consultation_Clients.xlsx
Copying gs://consultation-briefing-system-leads-sheet/leads.xlsx to file:///Users/Ganesh/OneDrive - Mary Kennedy Law Offices/Calendly_Consultation_Clients.xlsx
  
...........
[2026-09-14 21:10:05] Sync OK
[2026-09-14 21:15:00] Syncing gs://consultation-briefing-system-leads-sheet/leads.xlsx -> /Users/Ganesh/OneDrive - Mary Kennedy Law Offices/Calendly_Consultation_Clients.xlsx
Copying gs://consultation-briefing-system-leads-sheet/leads.xlsx to file:///Users/Ganesh/OneDrive - Mary Kennedy Law Offices/Calendly_Consultation_Clients.xlsx
  
...........
[2026-09-14 21:15:05] Sync OK
[2026-09-14 21:20:00] Syncing gs://consultation-briefing-system-leads-sheet/leads.xlsx -> /Users/Ganesh/OneDrive - Mary Kennedy Law Offices/Calendly_Consultation_Clients.xlsx
Copying gs://consultation-briefing-system-leads-sheet/leads.xlsx to file:///Users/Ganesh/OneDrive - Mary Kennedy Law Offices/Calendly_Consultation_Clients.xlsx
  
...........
[2026-09-14 21:20:06] Sync OK
[2026-09-14 21:25:00] Syncing gs://consultation-briefing-system-leads-sheet/leads.xlsx -> /Users/Ganesh/OneDrive - Mary Kennedy Law Offices/Calendly_Consultation_Clients.xlsx
Copying gs://consultation-briefing-system-leads-sheet/leads.xlsx to file:///Users/Ganesh/OneDrive - Mary Kennedy Law Offices/Calendly_Consultation_Clients.xlsx
  
...........
[2026-09-14 21:25:05] Sync OK
[2026-09-14 21:30:00] Syncing gs://consultation-briefing-system-leads-sheet/leads.xlsx -> /Users/Ganesh/OneDrive - Mary Kennedy Law Offices/Calendly_Consultation_Clients.xlsx
Copying gs://consultation-briefing-system-leads-sheet/leads.xlsx to file:///Users/Ganesh/OneDrive - Mary Kennedy Law Offices/Calendly_Consultation_Clients.xlsx
  
...........
[2026-09-14 21:30:05] Sync OK
[2026-09-14 21:35:00] Syncing gs://consultation-briefing-system-leads-sheet/leads.xlsx -> /Users/Ganesh/OneDrive - Mary Kennedy Law Offices/Calendly_Consultation_Clients.xlsx
Copying gs://consultation-briefing-system-leads-sheet/leads.xlsx to file:///Users/Ganesh/OneDrive - Mary Kennedy Law Offices/Calendly_Consultation_Clients.xlsx
  
..........
[2026-09-14 21:35:05] Sync OK
[2026-09-14 21:40:00] Syncing gs://consultation-briefing-system-leads-sheet/leads.xlsx -> /Users/Ganesh/OneDrive - Mary Kennedy Law Offices/Calendly_Consultation_Clients.xlsx
Copying gs://consultation-briefing-system-leads-sheet/leads.xlsx to file:///Users/Ganesh/OneDrive - Mary Kennedy Law Offices/Calendly_Consultation_Clients.xlsx
  
.........
[2026-09-14 21:40:07] Sync OK
[2026-09-14 21:45:00] Syncing gs://consultation-briefing-system-leads-sheet/leads.xlsx -> /Users/Ganesh/OneDrive - Mary Kennedy Law Offices/Calendly_Consultation_Clients.xlsx
Copying gs://consultation-briefing-system-leads-sheet/leads.xlsx to file:///Users/Ganesh/OneDrive - Mary Kennedy Law Offices/Calendly_Consultation_Clients.xlsx
  
..........
[2026-09-14 21:45:05] Sync OK
[2026-09-14 21:50:00] Syncing gs://consultation-briefing-system-leads-sheet/leads.xlsx -> /Users/Ganesh/OneDrive - Mary Kennedy Law Offices/Calendly_Consultation_Clients.xlsx
Copying gs://consultation-briefing-system-leads-sheet/leads.xlsx to file:///Users/Ganesh/OneDrive - Mary Kennedy Law Offices/Calendly_Consultation_Clients.xlsx
  
............
[2026-09-14 21:50:05] Sync OK
[2026-09-14 22:00:00] Syncing gs://consultation-briefing-system-leads-sheet/leads.xlsx -> /Users/Ganesh/OneDrive - Mary Kennedy Law Offices/Calendly_Consultation_Clients.xlsx
Copying gs://consultation-briefing-system-leads-sheet/leads.xlsx to file:///Users/Ganesh/OneDrive - Mary Kennedy Law Offices/Calendly_Consultation_Clients.xlsx
  
...........
[2026-09-14 22:00:05] Sync OK
[2026-09-14 22:05:00] Syncing gs://consultation-briefing-system-leads-sheet/leads.xlsx -> /Users/Ganesh/OneDrive - Mary Kennedy Law Offices/Calendly_Consultation_Clients.xlsx
Copying gs://consultation-briefing-system-leads-sheet/leads.xlsx to file:///Users/Ganesh/OneDrive - Mary Kennedy Law Offices/Calendly_Consultation_Clients.xlsx
  
...........
[2026-09-14 22:05:06] Sync OK
[2026-09-14 22:10:00] Syncing gs://consultation-briefing-system-leads-sheet/leads.xlsx -> /Users/Ganesh/OneDrive - Mary Kennedy Law Offices/Calendly_Consultation_Clients.xlsx
Copying gs://consultation-briefing-system-leads-sheet/leads.xlsx to file:///Users/Ganesh/OneDrive - Mary Kennedy Law Offices/Calendly_Consultation_Clients.xlsx
  
..........
[2026-09-14 22:10:06] Sync OK
[2026-09-14 22:15:00] Syncing gs://consultation-briefing-system-leads-sheet/leads.xlsx -> /Users/Ganesh/OneDrive - Mary Kennedy Law Offices/Calendly_Consultation_Clients.xlsx
Copying gs://consultation-briefing-system-leads-sheet/leads.xlsx to file:///Users/Ganesh/OneDrive - Mary Kennedy Law Offices/Calendly_Consultation_Clients.xlsx
  
...........
[2026-09-14 22:15:05] Sync OK
[2026-09-14 22:20:00] Syncing gs://consultation-briefing-system-leads-sheet/leads.xlsx -> /Users/Ganesh/OneDrive - Mary Kennedy Law Offices/Calendly_Consultation_Clients.xlsx
Copying gs://consultation-briefing-system-leads-sheet/leads.xlsx to file:///Users/Ganesh/OneDrive - Mary Kennedy Law Offices/Calendly_Consultation_Clients.xlsx
  
..........
[2026-09-14 22:20:05] Sync OK
[2026-09-14 22:25:00] Syncing gs://consultation-briefing-system-leads-sheet/leads.xlsx -> /Users/Ganesh/OneDrive - Mary Kennedy Law Offices/Calendly_Consultation_Clients.xlsx
Copying gs://consultation-briefing-system-leads-sheet/leads.xlsx to file:///Users/Ganesh/OneDrive - Mary Kennedy Law Offices/Calendly_Consultation_Clients.xlsx
  
..........
[2026-09-14 22:25:05] Sync OK
[2026-09-14 22:30:00] Syncing gs://consultation-briefing-system-leads-sheet/leads.xlsx -> /Users/Ganesh/OneDrive - Mary Kennedy Law Offices/Calendly_Consultation_Clients.xlsx
Copying gs://consultation-briefing-system-leads-sheet/leads.xlsx to file:///Users/Ganesh/OneDrive - Mary Kennedy Law Offices/Calendly_Consultation_Clients.xlsx
  
...........
[2026-09-14 22:30:05] Sync OK
[2026-09-14 22:35:01] Syncing gs://consultation-briefing-system-leads-sheet/leads.xlsx -> /Users/Ganesh/OneDrive - Mary Kennedy Law Offices/Calendly_Consultation_Clients.xlsx
Copying gs://consultation-briefing-system-leads-sheet/leads.xlsx to file:///Users/Ganesh/OneDrive - Mary Kennedy Law Offices/Calendly_Consultation_Clients.xlsx
  
...........
[2026-09-14 22:35:06] Sync OK
[2026-09-14 22:40:00] Syncing gs://consultation-briefing-system-leads-sheet/leads.xlsx -> /Users/Ganesh/OneDrive - Mary Kennedy Law Offices/Calendly_Consultation_Clients.xlsx
Copying gs://consultation-briefing-system-leads-sheet/leads.xlsx to file:///Users/Ganesh/OneDrive - Mary Kennedy Law Offices/Calendly_Consultation_Clients.xlsx
  
..............
[2026-09-14 22:40:06] Sync OK
[2026-09-14 22:45:00] Syncing gs://consultation-briefing-system-leads-sheet/leads.xlsx -> /Users/Ganesh/OneDrive - Mary Kennedy Law Offices/Calendly_Consultation_Clients.xlsx
Copying gs://consultation-briefing-system-leads-sheet/leads.xlsx to file:///Users/Ganesh/OneDrive - Mary Kennedy Law Offices/Calendly_Consultation_Clients.xlsx
  
..........
[2026-09-14 22:45:05] Sync OK
[2026-09-14 22:50:00] Syncing gs://consultation-briefing-system-leads-sheet/leads.xlsx -> /Users/Ganesh/OneDrive - Mary Kennedy Law Offices/Calendly_Consultation_Clients.xlsx
Copying gs://consultation-briefing-system-leads-sheet/leads.xlsx to file:///Users/Ganesh/OneDrive - Mary Kennedy Law Offices/Calendly_Consultation_Clients.xlsx
  
..........
[2026-09-14 22:50:05] Sync OK
[2026-09-14 22:55:00] Syncing gs://consultation-briefing-system-leads-sheet/leads.xlsx -> /Users/Ganesh/OneDrive - Mary Kennedy Law Offices/Calendly_Consultation_Clients.xlsx
Copying gs://consultation-briefing-system-leads-sheet/leads.xlsx to file:///Users/Ganesh/OneDrive - Mary Kennedy Law Offices/Calendly_Consultation_Clients.xlsx
  
..........
[2026-09-14 22:55:05] Sync OK
[2026-09-14 23:00:00] Syncing gs://consultation-briefing-system-leads-sheet/leads.xlsx -> /Users/Ganesh/OneDrive - Mary Kennedy Law Offices/Calendly_Consultation_Clients.xlsx
Copying gs://consultation-briefing-system-leads-sheet/leads.xlsx to file:///Users/Ganesh/OneDrive - Mary Kennedy Law Offices/Calendly_Consultation_Clients.xlsx
  
...........
[2026-09-14 23:00:06] Sync OK
[2026-09-14 23:05:00] Syncing gs://consultation-briefing-system-leads-sheet/leads.xlsx -> /Users/Ganesh/OneDrive - Mary Kennedy Law Offices/Calendly_Consultation_Clients.xlsx
Copying gs://consultation-briefing-system-leads-sheet/leads.xlsx to file:///Users/Ganesh/OneDrive - Mary Kennedy Law Offices/Calendly_Consultation_Clients.xlsx
  
...........
[2026-09-14 23:05:06] Sync OK
[2026-09-14 23:10:00] Syncing gs://consultation-briefing-system-leads-sheet/leads.xlsx -> /Users/Ganesh/OneDrive - Mary Kennedy Law Offices/Calendly_Consultation_Clients.xlsx
Copying gs://consultation-briefing-system-leads-sheet/leads.xlsx to file:///Users/Ganesh/OneDrive - Mary Kennedy Law Offices/Calendly_Consultation_Clients.xlsx
  
...........
[2026-09-14 23:10:06] Sync OK
[2026-09-14 23:15:00] Syncing gs://consultation-briefing-system-leads-sheet/leads.xlsx -> /Users/Ganesh/OneDrive - Mary Kennedy Law Offices/Calendly_Consultation_Clients.xlsx
Copying gs://consultation-briefing-system-leads-sheet/leads.xlsx to file:///Users/Ganesh/OneDrive - Mary Kennedy Law Offices/Calendly_Consultation_Clients.xlsx
  
...........
[2026-09-14 23:15:05] Sync OK
[2026-09-14 23:20:00] Syncing gs://consultation-briefing-system-leads-sheet/leads.xlsx -> /Users/Ganesh/OneDrive - Mary Kennedy Law Offices/Calendly_Consultation_Clients.xlsx
Copying gs://consultation-briefing-system-leads-sheet/leads.xlsx to file:///Users/Ganesh/OneDrive - Mary Kennedy Law Offices/Calendly_Consultation_Clients.xlsx
  
...............
[2026-09-14 23:20:06] Sync OK
[2026-09-14 23:25:00] Syncing gs://consultation-briefing-system-leads-sheet/leads.xlsx -> /Users/Ganesh/OneDrive - Mary Kennedy Law Offices/Calendly_Consultation_Clients.xlsx
Copying gs://consultation-briefing-system-leads-sheet/leads.xlsx to file:///Users/Ganesh/OneDrive - Mary Kennedy Law Offices/Calendly_Consultation_Clients.xlsx
  
....................
[2026-09-14 23:25:09] Sync OK
[2026-09-14 23:30:00] Syncing gs://consultation-briefing-system-leads-sheet/leads.xlsx -> /Users/Ganesh/OneDrive - Mary Kennedy Law Offices/Calendly_Consultation_Clients.xlsx
Copying gs://consultation-briefing-system-leads-sheet/leads.xlsx to file:///Users/Ganesh/OneDrive - Mary Kennedy Law Offices/Calendly_Consultation_Clients.xlsx
  
...............
[2026-09-14 23:30:06] Sync OK
[2026-09-14 23:35:00] Syncing gs://consultation-briefing-system-leads-sheet/leads.xlsx -> /Users/Ganesh/OneDrive - Mary Kennedy Law Offices/Calendly_Consultation_Clients.xlsx
Copying gs://consultation-briefing-system-leads-sheet/leads.xlsx to file:///Users/Ganesh/OneDrive - Mary Kennedy Law Offices/Calendly_Consultation_Clients.xlsx
  
..............
[2026-09-14 23:35:07] Sync OK
[2026-09-14 23:40:00] Syncing gs://consultation-briefing-system-leads-sheet/leads.xlsx -> /Users/Ganesh/OneDrive - Mary Kennedy Law Offices/Calendly_Consultation_Clients.xlsx
Copying gs://consultation-briefing-system-leads-sheet/leads.xlsx to file:///Users/Ganesh/OneDrive - Mary Kennedy Law Offices/Calendly_Consultation_Clients.xlsx
  
...........
[2026-09-14 23:40:05] Sync OK
[2026-09-14 23:45:01] Syncing gs://consultation-briefing-system-leads-sheet/leads.xlsx -> /Users/Ganesh/OneDrive - Mary Kennedy Law Offices/Calendly_Consultation_Clients.xlsx
Copying gs://consultation-briefing-system-leads-sheet/leads.xlsx to file:///Users/Ganesh/OneDrive - Mary Kennedy Law Offices/Calendly_Consultation_Clients.xlsx
  
.........
[2026-09-14 23:45:05] Sync OK
[2026-09-14 23:50:00] Syncing gs://consultation-briefing-system-leads-sheet/leads.xlsx -> /Users/Ganesh/OneDrive - Mary Kennedy Law Offices/Calendly_Consultation_Clients.xlsx
Copying gs://consultation-briefing-system-leads-sheet/leads.xlsx to file:///Users/Ganesh/OneDrive - Mary Kennedy Law Offices/Calendly_Consultation_Clients.xlsx
  
............
[2026-09-14 23:50:05] Sync OK
[2026-09-14 23:55:00] Syncing gs://consultation-briefing-system-leads-sheet/leads.xlsx -> /Users/Ganesh/OneDrive - Mary Kennedy Law Offices/Calendly_Consultation_Clients.xlsx
Copying gs://consultation-briefing-system-leads-sheet/leads.xlsx to file:///Users/Ganesh/OneDrive - Mary Kennedy Law Offices/Calendly_Consultation_Clients.xlsx
  
...........
[2026-09-14 23:55:06] Sync OK
[2026-09-15 00:00:00] Syncing gs://consultation-briefing-system-leads-sheet/leads.xlsx -> /Users/Ganesh/OneDrive - Mary Kennedy Law Offices/Calendly_Consultation_Clients.xlsx
Copying gs://consultation-briefing-system-leads-sheet/leads.xlsx to file:///Users/Ganesh/OneDrive - Mary Kennedy Law Offices/Calendly_Consultation_Clients.xlsx
  
...........
[2026-09-15 00:00:05] Sync OK
[2026-09-15 00:05:00] Syncing gs://consultation-briefing-system-leads-sheet/leads.xlsx -> /Users/Ganesh/OneDrive - Mary Kennedy Law Offices/Calendly_Consultation_Clients.xlsx
Copying gs://consultation-briefing-system-leads-sheet/leads.xlsx to file:///Users/Ganesh/OneDrive - Mary Kennedy Law Offices/Calendly_Consultation_Clients.xlsx
  
.............
[2026-09-15 00:05:07] Sync OK
[2026-09-15 00:10:00] Syncing gs://consultation-briefing-system-leads-sheet/leads.xlsx -> /Users/Ganesh/OneDrive - Mary Kennedy Law Offices/Calendly_Consultation_Clients.xlsx
Copying gs://consultation-briefing-system-leads-sheet/leads.xlsx to file:///Users/Ganesh/OneDrive - Mary Kennedy Law Offices/Calendly_Consultation_Clients.xlsx
  
...........
[2026-09-15 00:10:06] Sync OK
[2026-09-15 00:15:00] Syncing gs://consultation-briefing-system-leads-sheet/leads.xlsx -> /Users/Ganesh/OneDrive - Mary Kennedy Law Offices/Calendly_Consultation_Clients.xlsx
Copying gs://consultation-briefing-system-leads-sheet/leads.xlsx to file:///Users/Ganesh/OneDrive - Mary Kennedy Law Offices/Calendly_Consultation_Clients.xlsx
  
.................
[2026-09-15 00:15:07] Sync OK
[2026-09-15 00:20:00] Syncing gs://consultation-briefing-system-leads-sheet/leads.xlsx -> /Users/Ganesh/OneDrive - Mary Kennedy Law Offices/Calendly_Consultation_Clients.xlsx
Copying gs://consultation-briefing-system-leads-sheet/leads.xlsx to file:///Users/Ganesh/OneDrive - Mary Kennedy Law Offices/Calendly_Consultation_Clients.xlsx
  
...................
[2026-09-15 00:20:09] Sync OK
[2026-09-15 00:25:00] Syncing gs://consultation-briefing-system-leads-sheet/leads.xlsx -> /Users/Ganesh/OneDrive - Mary Kennedy Law Offices/Calendly_Consultation_Clients.xlsx
Copying gs://consultation-briefing-system-leads-sheet/leads.xlsx to file:///Users/Ganesh/OneDrive - Mary Kennedy Law Offices/Calendly_Consultation_Clients.xlsx
  
..............
[2026-09-15 00:25:07] Sync OK
[2026-09-15 00:30:00] Syncing gs://consultation-briefing-system-leads-sheet/leads.xlsx -> /Users/Ganesh/OneDrive - Mary Kennedy Law Offices/Calendly_Consultation_Clients.xlsx
Copying gs://consultation-briefing-system-leads-sheet/leads.xlsx to file:///Users/Ganesh/OneDrive - Mary Kennedy Law Offices/Calendly_Consultation_Clients.xlsx
  
.................
[2026-09-15 00:30:08] Sync OK
[2026-09-15 00:35:00] Syncing gs://consultation-briefing-system-leads-sheet/leads.xlsx -> /Users/Ganesh/OneDrive - Mary Kennedy Law Offices/Calendly_Consultation_Clients.xlsx
Copying gs://consultation-briefing-system-leads-sheet/leads.xlsx to file:///Users/Ganesh/OneDrive - Mary Kennedy Law Offices/Calendly_Consultation_Clients.xlsx
  
............
[2026-09-15 00:35:06] Sync OK
[2026-09-15 00:40:00] Syncing gs://consultation-briefing-system-leads-sheet/leads.xlsx -> /Users/Ganesh/OneDrive - Mary Kennedy Law Offices/Calendly_Consultation_Clients.xlsx
Copying gs://consultation-briefing-system-leads-sheet/leads.xlsx to file:///Users/Ganesh/OneDrive - Mary Kennedy Law Offices/Calendly_Consultation_Clients.xlsx
  
................
[2026-09-15 00:40:07] Sync OK
[2026-09-15 00:45:00] Syncing gs://consultation-briefing-system-leads-sheet/leads.xlsx -> /Users/Ganesh/OneDrive - Mary Kennedy Law Offices/Calendly_Consultation_Clients.xlsx
Copying gs://consultation-briefing-system-leads-sheet/leads.xlsx to file:///Users/Ganesh/OneDrive - Mary Kennedy Law Offices/Calendly_Consultation_Clients.xlsx
  
..........
[2026-09-15 00:45:05] Sync OK
[2026-09-15 00:50:00] Syncing gs://consultation-briefing-system-leads-sheet/leads.xlsx -> /Users/Ganesh/OneDrive - Mary Kennedy Law Offices/Calendly_Consultation_Clients.xlsx
Copying gs://consultation-briefing-system-leads-sheet/leads.xlsx to file:///Users/Ganesh/OneDrive - Mary Kennedy Law Offices/Calendly_Consultation_Clients.xlsx
  
..........
[2026-09-15 00:50:05] Sync OK
[2026-09-15 00:55:00] Syncing gs://consultation-briefing-system-leads-sheet/leads.xlsx -> /Users/Ganesh/OneDrive - Mary Kennedy Law Offices/Calendly_Consultation_Clients.xlsx
Copying gs://consultation-briefing-system-leads-sheet/leads.xlsx to file:///Users/Ganesh/OneDrive - Mary Kennedy Law Offices/Calendly_Consultation_Clients.xlsx
  
.........
[2026-09-15 00:55:06] Sync OK
[2026-09-15 01:00:00] Syncing gs://consultation-briefing-system-leads-sheet/leads.xlsx -> /Users/Ganesh/OneDrive - Mary Kennedy Law Offices/Calendly_Consultation_Clients.xlsx
Copying gs://consultation-briefing-system-leads-sheet/leads.xlsx to file:///Users/Ganesh/OneDrive - Mary Kennedy Law Offices/Calendly_Consultation_Clients.xlsx
  
....................
[2026-09-15 01:00:07] Sync OK
[2026-09-15 01:05:00] Syncing gs://consultation-briefing-system-leads-sheet/leads.xlsx -> /Users/Ganesh/OneDrive - Mary Kennedy Law Offices/Calendly_Consultation_Clients.xlsx
Copying gs://consultation-briefing-system-leads-sheet/leads.xlsx to file:///Users/Ganesh/OneDrive - Mary Kennedy Law Offices/Calendly_Consultation_Clients.xlsx
  
.....................
[2026-09-15 01:05:08] Sync OK
[2026-09-15 01:10:00] Syncing gs://consultation-briefing-system-leads-sheet/leads.xlsx -> /Users/Ganesh/OneDrive - Mary Kennedy Law Offices/Calendly_Consultation_Clients.xlsx
Copying gs://consultation-briefing-system-leads-sheet/leads.xlsx to file:///Users/Ganesh/OneDrive - Mary Kennedy Law Offices/Calendly_Consultation_Clients.xlsx
  
............
[2026-09-15 01:10:07] Sync OK
[2026-09-15 01:15:01] Syncing gs://consultation-briefing-system-leads-sheet/leads.xlsx -> /Users/Ganesh/OneDrive - Mary Kennedy Law Offices/Calendly_Consultation_Clients.xlsx
Copying gs://consultation-briefing-system-leads-sheet/leads.xlsx to file:///Users/Ganesh/OneDrive - Mary Kennedy Law Offices/Calendly_Consultation_Clients.xlsx
  
...............
[2026-09-15 01:15:07] Sync OK
[2026-09-15 01:20:00] Syncing gs://consultation-briefing-system-leads-sheet/leads.xlsx -> /Users/Ganesh/OneDrive - Mary Kennedy Law Offices/Calendly_Consultation_Clients.xlsx
Copying gs://consultation-briefing-system-leads-sheet/leads.xlsx to file:///Users/Ganesh/OneDrive - Mary Kennedy Law Offices/Calendly_Consultation_Clients.xlsx
  
................
[2026-09-15 01:20:09] Sync OK
[2026-09-15 01:25:00] Syncing gs://consultation-briefing-system-leads-sheet/leads.xlsx -> /Users/Ganesh/OneDrive - Mary Kennedy Law Offices/Calendly_Consultation_Clients.xlsx
Copying gs://consultation-briefing-system-leads-sheet/leads.xlsx to file:///Users/Ganesh/OneDrive - Mary Kennedy Law Offices/Calendly_Consultation_Clients.xlsx
  
...............
[2026-09-15 01:25:07] Sync OK
[2026-09-15 01:30:00] Syncing gs://consultation-briefing-system-leads-sheet/leads.xlsx -> /Users/Ganesh/OneDrive - Mary Kennedy Law Offices/Calendly_Consultation_Clients.xlsx
Copying gs://consultation-briefing-system-leads-sheet/leads.xlsx to file:///Users/Ganesh/OneDrive - Mary Kennedy Law Offices/Calendly_Consultation_Clients.xlsx
  
..........
[2026-09-15 01:30:05] Sync OK
[2026-09-15 01:35:00] Syncing gs://consultation-briefing-system-leads-sheet/leads.xlsx -> /Users/Ganesh/OneDrive - Mary Kennedy Law Offices/Calendly_Consultation_Clients.xlsx
Copying gs://consultation-briefing-system-leads-sheet/leads.xlsx to file:///Users/Ganesh/OneDrive - Mary Kennedy Law Offices/Calendly_Consultation_Clients.xlsx
  
..........
[2026-09-15 01:35:06] Sync OK
[2026-09-15 01:40:00] Syncing gs://consultation-briefing-system-leads-sheet/leads.xlsx -> /Users/Ganesh/OneDrive - Mary Kennedy Law Offices/Calendly_Consultation_Clients.xlsx
Copying gs://consultation-briefing-system-leads-sheet/leads.xlsx to file:///Users/Ganesh/OneDrive - Mary Kennedy Law Offices/Calendly_Consultation_Clients.xlsx
  
.....................
[2026-09-15 01:40:09] Sync OK
[2026-09-15 01:45:00] Syncing gs://consultation-briefing-system-leads-sheet/leads.xlsx -> /Users/Ganesh/OneDrive - Mary Kennedy Law Offices/Calendly_Consultation_Clients.xlsx
Copying gs://consultation-briefing-system-leads-sheet/leads.xlsx to file:///Users/Ganesh/OneDrive - Mary Kennedy Law Offices/Calendly_Consultation_Clients.xlsx
  
.....................
[2026-09-15 01:45:08] Sync OK
[2026-09-15 01:50:00] Syncing gs://consultation-briefing-system-leads-sheet/leads.xlsx -> /Users/Ganesh/OneDrive - Mary Kennedy Law Offices/Calendly_Consultation_Clients.xlsx
Copying gs://consultation-briefing-system-leads-sheet/leads.xlsx to file:///Users/Ganesh/OneDrive - Mary Kennedy Law Offices/Calendly_Consultation_Clients.xlsx
  
............
[2026-09-15 01:50:06] Sync OK
[2026-09-15 01:55:00] Syncing gs://consultation-briefing-system-leads-sheet/leads.xlsx -> /Users/Ganesh/OneDrive - Mary Kennedy Law Offices/Calendly_Consultation_Clients.xlsx
Copying gs://consultation-briefing-system-leads-sheet/leads.xlsx to file:///Users/Ganesh/OneDrive - Mary Kennedy Law Offices/Calendly_Consultation_Clients.xlsx
  
....................
[2026-09-15 01:55:07] Sync OK
[2026-09-15 02:00:01] Syncing gs://consultation-briefing-system-leads-sheet/leads.xlsx -> /Users/Ganesh/OneDrive - Mary Kennedy Law Offices/Calendly_Consultation_Clients.xlsx
Copying gs://consultation-briefing-system-leads-sheet/leads.xlsx to file:///Users/Ganesh/OneDrive - Mary Kennedy Law Offices/Calendly_Consultation_Clients.xlsx
  
......................
[2026-09-15 02:00:08] Sync OK
[2026-09-15 02:05:00] Syncing gs://consultation-briefing-system-leads-sheet/leads.xlsx -> /Users/Ganesh/OneDrive - Mary Kennedy Law Offices/Calendly_Consultation_Clients.xlsx
Copying gs://consultation-briefing-system-leads-sheet/leads.xlsx to file:///Users/Ganesh/OneDrive - Mary Kennedy Law Offices/Calendly_Consultation_Clients.xlsx
  
...............
[2026-09-15 02:05:08] Sync OK
[2026-09-15 02:10:00] Syncing gs://consultation-briefing-system-leads-sheet/leads.xlsx -> /Users/Ganesh/OneDrive - Mary Kennedy Law Offices/Calendly_Consultation_Clients.xlsx
Copying gs://consultation-briefing-system-leads-sheet/leads.xlsx to file:///Users/Ganesh/OneDrive - Mary Kennedy Law Offices/Calendly_Consultation_Clients.xlsx
  
.................
[2026-09-15 02:10:07] Sync OK
[2026-09-15 02:15:00] Syncing gs://consultation-briefing-system-leads-sheet/leads.xlsx -> /Users/Ganesh/OneDrive - Mary Kennedy Law Offices/Calendly_Consultation_Clients.xlsx
Copying gs://consultation-briefing-system-leads-sheet/leads.xlsx to file:///Users/Ganesh/OneDrive - Mary Kennedy Law Offices/Calendly_Consultation_Clients.xlsx
  
..............
[2026-09-15 02:15:06] Sync OK
[2026-09-15 02:20:00] Syncing gs://consultation-briefing-system-leads-sheet/leads.xlsx -> /Users/Ganesh/OneDrive - Mary Kennedy Law Offices/Calendly_Consultation_Clients.xlsx
Copying gs://consultation-briefing-system-leads-sheet/leads.xlsx to file:///Users/Ganesh/OneDrive - Mary Kennedy Law Offices/Calendly_Consultation_Clients.xlsx
  
.............
[2026-09-15 02:20:07] Sync OK
[2026-09-15 02:25:00] Syncing gs://consultation-briefing-system-leads-sheet/leads.xlsx -> /Users/Ganesh/OneDrive - Mary Kennedy Law Offices/Calendly_Consultation_Clients.xlsx
Copying gs://consultation-briefing-system-leads-sheet/leads.xlsx to file:///Users/Ganesh/OneDrive - Mary Kennedy Law Offices/Calendly_Consultation_Clients.xlsx
  
.....................
[2026-09-15 02:25:08] Sync OK
[2026-09-15 02:30:00] Syncing gs://consultation-briefing-system-leads-sheet/leads.xlsx -> /Users/Ganesh/OneDrive - Mary Kennedy Law Offices/Calendly_Consultation_Clients.xlsx
Copying gs://consultation-briefing-system-leads-sheet/leads.xlsx to file:///Users/Ganesh/OneDrive - Mary Kennedy Law Offices/Calendly_Consultation_Clients.xlsx
  
............
[2026-09-15 02:30:06] Sync OK
[2026-09-15 02:35:00] Syncing gs://consultation-briefing-system-leads-sheet/leads.xlsx -> /Users/Ganesh/OneDrive - Mary Kennedy Law Offices/Calendly_Consultation_Clients.xlsx
Copying gs://consultation-briefing-system-leads-sheet/leads.xlsx to file:///Users/Ganesh/OneDrive - Mary Kennedy Law Offices/Calendly_Consultation_Clients.xlsx
  
.....................
[2026-09-15 02:35:09] Sync OK
[2026-09-15 02:40:00] Syncing gs://consultation-briefing-system-leads-sheet/leads.xlsx -> /Users/Ganesh/OneDrive - Mary Kennedy Law Offices/Calendly_Consultation_Clients.xlsx
Copying gs://consultation-briefing-system-leads-sheet/leads.xlsx to file:///Users/Ganesh/OneDrive - Mary Kennedy Law Offices/Calendly_Consultation_Clients.xlsx
  
.................
[2026-09-15 02:40:07] Sync OK
[2026-09-15 02:45:00] Syncing gs://consultation-briefing-system-leads-sheet/leads.xlsx -> /Users/Ganesh/OneDrive - Mary Kennedy Law Offices/Calendly_Consultation_Clients.xlsx
Copying gs://consultation-briefing-system-leads-sheet/leads.xlsx to file:///Users/Ganesh/OneDrive - Mary Kennedy Law Offices/Calendly_Consultation_Clients.xlsx
  
.....................
[2026-09-15 02:45:09] Sync OK
[2026-09-15 02:50:00] Syncing gs://consultation-briefing-system-leads-sheet/leads.xlsx -> /Users/Ganesh/OneDrive - Mary Kennedy Law Offices/Calendly_Consultation_Clients.xlsx
Copying gs://consultation-briefing-system-leads-sheet/leads.xlsx to file:///Users/Ganesh/OneDrive - Mary Kennedy Law Offices/Calendly_Consultation_Clients.xlsx
  
.............
[2026-09-15 02:50:07] Sync OK
[2026-09-15 02:55:00] Syncing gs://consultation-briefing-system-leads-sheet/leads.xlsx -> /Users/Ganesh/OneDrive - Mary Kennedy Law Offices/Calendly_Consultation_Clients.xlsx
Copying gs://consultation-briefing-system-leads-sheet/leads.xlsx to file:///Users/Ganesh/OneDrive - Mary Kennedy Law Offices/Calendly_Consultation_Clients.xlsx
  
.....................
[2026-09-15 02:55:09] Sync OK
[2026-09-15 03:00:00] Syncing gs://consultation-briefing-system-leads-sheet/leads.xlsx -> /Users/Ganesh/OneDrive - Mary Kennedy Law Offices/Calendly_Consultation_Clients.xlsx
Copying gs://consultation-briefing-system-leads-sheet/leads.xlsx to file:///Users/Ganesh/OneDrive - Mary Kennedy Law Offices/Calendly_Consultation_Clients.xlsx
  
................
[2026-09-15 03:00:08] Sync OK
[2026-09-15 03:05:00] Syncing gs://consultation-briefing-system-leads-sheet/leads.xlsx -> /Users/Ganesh/OneDrive - Mary Kennedy Law Offices/Calendly_Consultation_Clients.xlsx
Copying gs://consultation-briefing-system-leads-sheet/leads.xlsx to file:///Users/Ganesh/OneDrive - Mary Kennedy Law Offices/Calendly_Consultation_Clients.xlsx
  
..........
[2026-09-15 03:05:06] Sync OK
[2026-09-15 03:10:00] Syncing gs://consultation-briefing-system-leads-sheet/leads.xlsx -> /Users/Ganesh/OneDrive - Mary Kennedy Law Offices/Calendly_Consultation_Clients.xlsx
Copying gs://consultation-briefing-system-leads-sheet/leads.xlsx to file:///Users/Ganesh/OneDrive - Mary Kennedy Law Offices/Calendly_Consultation_Clients.xlsx
  
...................
[2026-09-15 03:10:07] Sync OK
[2026-09-15 03:15:00] Syncing gs://consultation-briefing-system-leads-sheet/leads.xlsx -> /Users/Ganesh/OneDrive - Mary Kennedy Law Offices/Calendly_Consultation_Clients.xlsx
Copying gs://consultation-briefing-system-leads-sheet/leads.xlsx to file:///Users/Ganesh/OneDrive - Mary Kennedy Law Offices/Calendly_Consultation_Clients.xlsx
  
............
[2026-09-15 03:15:07] Sync OK
[2026-09-15 03:20:00] Syncing gs://consultation-briefing-system-leads-sheet/leads.xlsx -> /Users/Ganesh/OneDrive - Mary Kennedy Law Offices/Calendly_Consultation_Clients.xlsx
Copying gs://consultation-briefing-system-leads-sheet/leads.xlsx to file:///Users/Ganesh/OneDrive - Mary Kennedy Law Offices/Calendly_Consultation_Clients.xlsx
  
...................
[2026-09-15 03:20:08] Sync OK
[2026-09-15 03:25:00] Syncing gs://consultation-briefing-system-leads-sheet/leads.xlsx -> /Users/Ganesh/OneDrive - Mary Kennedy Law Offices/Calendly_Consultation_Clients.xlsx
Copying gs://consultation-briefing-system-leads-sheet/leads.xlsx to file:///Users/Ganesh/OneDrive - Mary Kennedy Law Offices/Calendly_Consultation_Clients.xlsx
  
...........
[2026-09-15 03:25:06] Sync OK
[2026-09-15 03:30:00] Syncing gs://consultation-briefing-system-leads-sheet/leads.xlsx -> /Users/Ganesh/OneDrive - Mary Kennedy Law Offices/Calendly_Consultation_Clients.xlsx
Copying gs://consultation-briefing-system-leads-sheet/leads.xlsx to file:///Users/Ganesh/OneDrive - Mary Kennedy Law Offices/Calendly_Consultation_Clients.xlsx
  
...............
[2026-09-15 03:30:06] Sync OK
[2026-09-15 03:35:00] Syncing gs://consultation-briefing-system-leads-sheet/leads.xlsx -> /Users/Ganesh/OneDrive - Mary Kennedy Law Offices/Calendly_Consultation_Clients.xlsx
Copying gs://consultation-briefing-system-leads-sheet/leads.xlsx to file:///Users/Ganesh/OneDrive - Mary Kennedy Law Offices/Calendly_Consultation_Clients.xlsx
  
................
[2026-09-15 03:35:07] Sync OK
[2026-09-15 03:40:00] Syncing gs://consultation-briefing-system-leads-sheet/leads.xlsx -> /Users/Ganesh/OneDrive - Mary Kennedy Law Offices/Calendly_Consultation_Clients.xlsx
Copying gs://consultation-briefing-system-leads-sheet/leads.xlsx to file:///Users/Ganesh/OneDrive - Mary Kennedy Law Offices/Calendly_Consultation_Clients.xlsx
  
.....................
[2026-09-15 03:40:08] Sync OK
[2026-09-15 03:45:00] Syncing gs://consultation-briefing-system-leads-sheet/leads.xlsx -> /Users/Ganesh/OneDrive - Mary Kennedy Law Offices/Calendly_Consultation_Clients.xlsx
Copying gs://consultation-briefing-system-leads-sheet/leads.xlsx to file:///Users/Ganesh/OneDrive - Mary Kennedy Law Offices/Calendly_Consultation_Clients.xlsx
  
................
[2026-09-15 03:45:08] Sync OK
[2026-09-15 03:50:00] Syncing gs://consultation-briefing-system-leads-sheet/leads.xlsx -> /Users/Ganesh/OneDrive - Mary Kennedy Law Offices/Calendly_Consultation_Clients.xlsx
Copying gs://consultation-briefing-system-leads-sheet/leads.xlsx to file:///Users/Ganesh/OneDrive - Mary Kennedy Law Offices/Calendly_Consultation_Clients.xlsx
  
...............
[2026-09-15 03:50:06] Sync OK
[2026-09-15 03:55:00] Syncing gs://consultation-briefing-system-leads-sheet/leads.xlsx -> /Users/Ganesh/OneDrive - Mary Kennedy Law Offices/Calendly_Consultation_Clients.xlsx
Copying gs://consultation-briefing-system-leads-sheet/leads.xlsx to file:///Users/Ganesh/OneDrive - Mary Kennedy Law Offices/Calendly_Consultation_Clients.xlsx
  
....................
[2026-09-15 03:55:09] Sync OK
[2026-09-15 04:00:00] Syncing gs://consultation-briefing-system-leads-sheet/leads.xlsx -> /Users/Ganesh/OneDrive - Mary Kennedy Law Offices/Calendly_Consultation_Clients.xlsx
Copying gs://consultation-briefing-system-leads-sheet/leads.xlsx to file:///Users/Ganesh/OneDrive - Mary Kennedy Law Offices/Calendly_Consultation_Clients.xlsx
  
...............
[2026-09-15 04:00:06] Sync OK
[2026-09-15 04:05:00] Syncing gs://consultation-briefing-system-leads-sheet/leads.xlsx -> /Users/Ganesh/OneDrive - Mary Kennedy Law Offices/Calendly_Consultation_Clients.xlsx
Copying gs://consultation-briefing-system-leads-sheet/leads.xlsx to file:///Users/Ganesh/OneDrive - Mary Kennedy Law Offices/Calendly_Consultation_Clients.xlsx
  
...................
[2026-09-15 04:05:08] Sync OK
[2026-09-15 04:10:00] Syncing gs://consultation-briefing-system-leads-sheet/leads.xlsx -> /Users/Ganesh/OneDrive - Mary Kennedy Law Offices/Calendly_Consultation_Clients.xlsx
Copying gs://consultation-briefing-system-leads-sheet/leads.xlsx to file:///Users/Ganesh/OneDrive - Mary Kennedy Law Offices/Calendly_Consultation_Clients.xlsx
  
....................
[2026-09-15 04:10:07] Sync OK
[2026-09-15 04:15:01] Syncing gs://consultation-briefing-system-leads-sheet/leads.xlsx -> /Users/Ganesh/OneDrive - Mary Kennedy Law Offices/Calendly_Consultation_Clients.xlsx
Copying gs://consultation-briefing-system-leads-sheet/leads.xlsx to file:///Users/Ganesh/OneDrive - Mary Kennedy Law Offices/Calendly_Consultation_Clients.xlsx
  
......................
[2026-09-15 04:15:10] Sync OK
[2026-09-15 04:20:00] Syncing gs://consultation-briefing-system-leads-sheet/leads.xlsx -> /Users/Ganesh/OneDrive - Mary Kennedy Law Offices/Calendly_Consultation_Clients.xlsx
Copying gs://consultation-briefing-system-leads-sheet/leads.xlsx to file:///Users/Ganesh/OneDrive - Mary Kennedy Law Offices/Calendly_Consultation_Clients.xlsx
  
.....................
[2026-09-15 04:20:09] Sync OK
[2026-09-15 18:50:00] Syncing gs://consultation-briefing-system-leads-sheet/leads.xlsx -> /Users/Ganesh/OneDrive - Mary Kennedy Law Offices/Calendly_Consultation_Clients.xlsx
ERROR: (gcloud.storage.cp) There was a problem refreshing your current auth tokens: Reauthentication failed. cannot prompt during non-interactive execution.
Please run:

  $ gcloud auth login

to obtain new credentials.

If you have already logged in with a different account, run:

  $ gcloud config set account ACCOUNT

to select an already authenticated account to use.
[2026-09-15 18:50:12] Sync FAILED (see above)
[2026-09-15 18:55:00] Syncing gs://consultation-briefing-system-leads-sheet/leads.xlsx -> /Users/Ganesh/OneDrive - Mary Kennedy Law Offices/Calendly_Consultation_Clients.xlsx
ERROR: (gcloud.storage.cp) There was a problem refreshing your current auth tokens: Reauthentication failed. cannot prompt during non-interactive execution.
Please run:

  $ gcloud auth login

to obtain new credentials.

If you have already logged in with a different account, run:

  $ gcloud config set account ACCOUNT

to select an already authenticated account to use.
[2026-09-15 18:55:02] Sync FAILED (see above)
[2026-09-15 19:00:00] Syncing gs://consultation-briefing-system-leads-sheet/leads.xlsx -> /Users/Ganesh/OneDrive - Mary Kennedy Law Offices/Calendly_Consultation_Clients.xlsx
ERROR: (gcloud.storage.cp) There was a problem refreshing your current auth tokens: Reauthentication failed. cannot prompt during non-interactive execution.
Please run:

  $ gcloud auth login

to obtain new credentials.

If you have already logged in with a different account, run:

  $ gcloud config set account ACCOUNT

to select an already authenticated account to use.
[2026-09-15 19:00:02] Sync FAILED (see above)
[2026-09-15 19:05:00] Syncing gs://consultation-briefing-system-leads-sheet/leads.xlsx -> /Users/Ganesh/OneDrive - Mary Kennedy Law Offices/Calendly_Consultation_Clients.xlsx
ERROR: (gcloud.storage.cp) There was a problem refreshing your current auth tokens: Reauthentication failed. cannot prompt during non-interactive execution.
Please run:

  $ gcloud auth login

to obtain new credentials.

If you have already logged in with a different account, run:

  $ gcloud config set account ACCOUNT

to select an already authenticated account to use.
[2026-09-15 19:05:02] Sync FAILED (see above)
[2026-09-15 19:10:00] Syncing gs://consultation-briefing-system-leads-sheet/leads.xlsx -> /Users/Ganesh/OneDrive - Mary Kennedy Law Offices/Calendly_Consultation_Clients.xlsx
ERROR: (gcloud.storage.cp) There was a problem refreshing your current auth tokens: Reauthentication failed. cannot prompt during non-interactive execution.
Please run:

  $ gcloud auth login

to obtain new credentials.

If you have already logged in with a different account, run:

  $ gcloud config set account ACCOUNT

to select an already authenticated account to use.
[2026-09-15 19:10:02] Sync FAILED (see above)
[2026-09-15 19:15:00] Syncing gs://consultation-briefing-system-leads-sheet/leads.xlsx -> /Users/Ganesh/OneDrive - Mary Kennedy Law Offices/Calendly_Consultation_Clients.xlsx
ERROR: (gcloud.storage.cp) There was a problem refreshing your current auth tokens: Reauthentication failed. cannot prompt during non-interactive execution.
Please run:

  $ gcloud auth login

to obtain new credentials.

If you have already logged in with a different account, run:

  $ gcloud config set account ACCOUNT

to select an already authenticated account to use.
[2026-09-15 19:15:02] Sync FAILED (see above)
[2026-09-15 19:20:00] Syncing gs://consultation-briefing-system-leads-sheet/leads.xlsx -> /Users/Ganesh/OneDrive - Mary Kennedy Law Offices/Calendly_Consultation_Clients.xlsx
ERROR: (gcloud.storage.cp) There was a problem refreshing your current auth tokens: Reauthentication failed. cannot prompt during non-interactive execution.
Please run:

  $ gcloud auth login

to obtain new credentials.

If you have already logged in with a different account, run:

  $ gcloud config set account ACCOUNT

to select an already authenticated account to use.
[2026-09-15 19:20:02] Sync FAILED (see above)
[2026-09-15 19:25:00] Syncing gs://consultation-briefing-system-leads-sheet/leads.xlsx -> /Users/Ganesh/OneDrive - Mary Kennedy Law Offices/Calendly_Consultation_Clients.xlsx
ERROR: (gcloud.storage.cp) There was a problem refreshing your current auth tokens: Reauthentication failed. cannot prompt during non-interactive execution.
Please run:

  $ gcloud auth login

to obtain new credentials.

If you have already logged in with a different account, run:

  $ gcloud config set account ACCOUNT

to select an already authenticated account to use.
[2026-09-15 19:25:02] Sync FAILED (see above)
[2026-09-15 19:30:00] Syncing gs://consultation-briefing-system-leads-sheet/leads.xlsx -> /Users/Ganesh/OneDrive - Mary Kennedy Law Offices/Calendly_Consultation_Clients.xlsx
ERROR: (gcloud.storage.cp) There was a problem refreshing your current auth tokens: Reauthentication failed. cannot prompt during non-interactive execution.
Please run:

  $ gcloud auth login

to obtain new credentials.

If you have already logged in with a different account, run:

  $ gcloud config set account ACCOUNT

to select an already authenticated account to use.
[2026-09-15 19:30:02] Sync FAILED (see above)
[2026-09-15 19:35:00] Syncing gs://consultation-briefing-system-leads-sheet/leads.xlsx -> /Users/Ganesh/OneDrive - Mary Kennedy Law Offices/Calendly_Consultation_Clients.xlsx
Copying gs://consultation-briefing-system-leads-sheet/leads.xlsx to file:///Users/Ganesh/OneDrive - Mary Kennedy Law Offices/Calendly_Consultation_Clients.xlsx
  
......................
[2026-09-15 19:35:08] Sync OK
[2026-09-15 19:40:00] Syncing gs://consultation-briefing-system-leads-sheet/leads.xlsx -> /Users/Ganesh/OneDrive - Mary Kennedy Law Offices/Calendly_Consultation_Clients.xlsx
Copying gs://consultation-briefing-system-leads-sheet/leads.xlsx to file:///Users/Ganesh/OneDrive - Mary Kennedy Law Offices/Calendly_Consultation_Clients.xlsx
  
................
[2026-09-15 19:40:08] Sync OK
[2026-09-15 19:45:00] Syncing gs://consultation-briefing-system-leads-sheet/leads.xlsx -> /Users/Ganesh/OneDrive - Mary Kennedy Law Offices/Calendly_Consultation_Clients.xlsx
Copying gs://consultation-briefing-system-leads-sheet/leads.xlsx to file:///Users/Ganesh/OneDrive - Mary Kennedy Law Offices/Calendly_Consultation_Clients.xlsx
  
................
[2026-09-15 19:45:06] Sync OK
[2026-09-15 19:50:00] Syncing gs://consultation-briefing-system-leads-sheet/leads.xlsx -> /Users/Ganesh/OneDrive - Mary Kennedy Law Offices/Calendly_Consultation_Clients.xlsx
Copying gs://consultation-briefing-system-leads-sheet/leads.xlsx to file:///Users/Ganesh/OneDrive - Mary Kennedy Law Offices/Calendly_Consultation_Clients.xlsx
  
.....................
[2026-09-15 19:50:09] Sync OK
[2026-09-15 19:55:00] Syncing gs://consultation-briefing-system-leads-sheet/leads.xlsx -> /Users/Ganesh/OneDrive - Mary Kennedy Law Offices/Calendly_Consultation_Clients.xlsx
Copying gs://consultation-briefing-system-leads-sheet/leads.xlsx to file:///Users/Ganesh/OneDrive - Mary Kennedy Law Offices/Calendly_Consultation_Clients.xlsx
  
...........
[2026-09-15 19:55:06] Sync OK
[2026-09-15 20:00:00] Syncing gs://consultation-briefing-system-leads-sheet/leads.xlsx -> /Users/Ganesh/OneDrive - Mary Kennedy Law Offices/Calendly_Consultation_Clients.xlsx
Copying gs://consultation-briefing-system-leads-sheet/leads.xlsx to file:///Users/Ganesh/OneDrive - Mary Kennedy Law Offices/Calendly_Consultation_Clients.xlsx
  
......................
[2026-09-15 20:00:09] Sync OK
[2026-09-15 20:05:00] Syncing gs://consultation-briefing-system-leads-sheet/leads.xlsx -> /Users/Ganesh/OneDrive - Mary Kennedy Law Offices/Calendly_Consultation_Clients.xlsx
Copying gs://consultation-briefing-system-leads-sheet/leads.xlsx to file:///Users/Ganesh/OneDrive - Mary Kennedy Law Offices/Calendly_Consultation_Clients.xlsx
  
..........
[2026-09-15 20:05:06] Sync OK
[2026-09-15 20:10:00] Syncing gs://consultation-briefing-system-leads-sheet/leads.xlsx -> /Users/Ganesh/OneDrive - Mary Kennedy Law Offices/Calendly_Consultation_Clients.xlsx
Copying gs://consultation-briefing-system-leads-sheet/leads.xlsx to file:///Users/Ganesh/OneDrive - Mary Kennedy Law Offices/Calendly_Consultation_Clients.xlsx
  
.....................
[2026-09-15 20:10:08] Sync OK
[2026-09-15 20:15:00] Syncing gs://consultation-briefing-system-leads-sheet/leads.xlsx -> /Users/Ganesh/OneDrive - Mary Kennedy Law Offices/Calendly_Consultation_Clients.xlsx
Copying gs://consultation-briefing-system-leads-sheet/leads.xlsx to file:///Users/Ganesh/OneDrive - Mary Kennedy Law Offices/Calendly_Consultation_Clients.xlsx
  
.....................
[2026-09-15 20:15:07] Sync OK
[2026-09-15 20:20:00] Syncing gs://consultation-briefing-system-leads-sheet/leads.xlsx -> /Users/Ganesh/OneDrive - Mary Kennedy Law Offices/Calendly_Consultation_Clients.xlsx
Copying gs://consultation-briefing-system-leads-sheet/leads.xlsx to file:///Users/Ganesh/OneDrive - Mary Kennedy Law Offices/Calendly_Consultation_Clients.xlsx
  
....................
[2026-09-15 20:20:43] Sync OK
[2026-09-15 20:25:00] Syncing gs://consultation-briefing-system-leads-sheet/leads.xlsx -> /Users/Ganesh/OneDrive - Mary Kennedy Law Offices/Calendly_Consultation_Clients.xlsx
Copying gs://consultation-briefing-system-leads-sheet/leads.xlsx to file:///Users/Ganesh/OneDrive - Mary Kennedy Law Offices/Calendly_Consultation_Clients.xlsx
  
....................
[2026-09-15 20:25:07] Sync OK
[2026-09-15 20:30:00] Syncing gs://consultation-briefing-system-leads-sheet/leads.xlsx -> /Users/Ganesh/OneDrive - Mary Kennedy Law Offices/Calendly_Consultation_Clients.xlsx
Copying gs://consultation-briefing-system-leads-sheet/leads.xlsx to file:///Users/Ganesh/OneDrive - Mary Kennedy Law Offices/Calendly_Consultation_Clients.xlsx
  
.............
[2026-09-15 20:30:07] Sync OK
[2026-09-15 20:35:00] Syncing gs://consultation-briefing-system-leads-sheet/leads.xlsx -> /Users/Ganesh/OneDrive - Mary Kennedy Law Offices/Calendly_Consultation_Clients.xlsx
Copying gs://consultation-briefing-system-leads-sheet/leads.xlsx to file:///Users/Ganesh/OneDrive - Mary Kennedy Law Offices/Calendly_Consultation_Clients.xlsx
  
................
[2026-09-15 20:35:07] Sync OK
[2026-09-15 20:40:00] Syncing gs://consultation-briefing-system-leads-sheet/leads.xlsx -> /Users/Ganesh/OneDrive - Mary Kennedy Law Offices/Calendly_Consultation_Clients.xlsx
Copying gs://consultation-briefing-system-leads-sheet/leads.xlsx to file:///Users/Ganesh/OneDrive - Mary Kennedy Law Offices/Calendly_Consultation_Clients.xlsx
  
.........
[2026-09-15 20:40:06] Sync OK
[2026-09-15 20:45:00] Syncing gs://consultation-briefing-system-leads-sheet/leads.xlsx -> /Users/Ganesh/OneDrive - Mary Kennedy Law Offices/Calendly_Consultation_Clients.xlsx
Copying gs://consultation-briefing-system-leads-sheet/leads.xlsx to file:///Users/Ganesh/OneDrive - Mary Kennedy Law Offices/Calendly_Consultation_Clients.xlsx
  
...............
[2026-09-15 20:45:08] Sync OK
[2026-09-15 20:50:00] Syncing gs://consultation-briefing-system-leads-sheet/leads.xlsx -> /Users/Ganesh/OneDrive - Mary Kennedy Law Offices/Calendly_Consultation_Clients.xlsx
Copying gs://consultation-briefing-system-leads-sheet/leads.xlsx to file:///Users/Ganesh/OneDrive - Mary Kennedy Law Offices/Calendly_Consultation_Clients.xlsx
  
...........
[2026-09-15 20:50:05] Sync OK
[2026-09-15 20:55:00] Syncing gs://consultation-briefing-system-leads-sheet/leads.xlsx -> /Users/Ganesh/OneDrive - Mary Kennedy Law Offices/Calendly_Consultation_Clients.xlsx
Copying gs://consultation-briefing-system-leads-sheet/leads.xlsx to file:///Users/Ganesh/OneDrive - Mary Kennedy Law Offices/Calendly_Consultation_Clients.xlsx
  
............
[2026-09-15 20:55:07] Sync OK
[2026-09-15 21:00:00] Syncing gs://consultation-briefing-system-leads-sheet/leads.xlsx -> /Users/Ganesh/OneDrive - Mary Kennedy Law Offices/Calendly_Consultation_Clients.xlsx
Copying gs://consultation-briefing-system-leads-sheet/leads.xlsx to file:///Users/Ganesh/OneDrive - Mary Kennedy Law Offices/Calendly_Consultation_Clients.xlsx
  
............
[2026-09-15 21:00:06] Sync OK
[2026-09-15 21:05:00] Syncing gs://consultation-briefing-system-leads-sheet/leads.xlsx -> /Users/Ganesh/OneDrive - Mary Kennedy Law Offices/Calendly_Consultation_Clients.xlsx
Copying gs://consultation-briefing-system-leads-sheet/leads.xlsx to file:///Users/Ganesh/OneDrive - Mary Kennedy Law Offices/Calendly_Consultation_Clients.xlsx
  
....................
[2026-09-15 21:05:09] Sync OK
[2026-09-15 21:10:00] Syncing gs://consultation-briefing-system-leads-sheet/leads.xlsx -> /Users/Ganesh/OneDrive - Mary Kennedy Law Offices/Calendly_Consultation_Clients.xlsx
Copying gs://consultation-briefing-system-leads-sheet/leads.xlsx to file:///Users/Ganesh/OneDrive - Mary Kennedy Law Offices/Calendly_Consultation_Clients.xlsx
  
...........
[2026-09-15 21:10:05] Sync OK
[2026-09-15 21:15:00] Syncing gs://consultation-briefing-system-leads-sheet/leads.xlsx -> /Users/Ganesh/OneDrive - Mary Kennedy Law Offices/Calendly_Consultation_Clients.xlsx
Copying gs://consultation-briefing-system-leads-sheet/leads.xlsx to file:///Users/Ganesh/OneDrive - Mary Kennedy Law Offices/Calendly_Consultation_Clients.xlsx
  
...........
[2026-09-15 21:15:05] Sync OK
[2026-09-15 21:20:00] Syncing gs://consultation-briefing-system-leads-sheet/leads.xlsx -> /Users/Ganesh/OneDrive - Mary Kennedy Law Offices/Calendly_Consultation_Clients.xlsx
Copying gs://consultation-briefing-system-leads-sheet/leads.xlsx to file:///Users/Ganesh/OneDrive - Mary Kennedy Law Offices/Calendly_Consultation_Clients.xlsx
  
................
[2026-09-15 21:20:06] Sync OK
[2026-09-15 21:25:00] Syncing gs://consultation-briefing-system-leads-sheet/leads.xlsx -> /Users/Ganesh/OneDrive - Mary Kennedy Law Offices/Calendly_Consultation_Clients.xlsx
Copying gs://consultation-briefing-system-leads-sheet/leads.xlsx to file:///Users/Ganesh/OneDrive - Mary Kennedy Law Offices/Calendly_Consultation_Clients.xlsx
  
...............
[2026-09-15 21:25:07] Sync OK
[2026-09-15 21:30:00] Syncing gs://consultation-briefing-system-leads-sheet/leads.xlsx -> /Users/Ganesh/OneDrive - Mary Kennedy Law Offices/Calendly_Consultation_Clients.xlsx
Copying gs://consultation-briefing-system-leads-sheet/leads.xlsx to file:///Users/Ganesh/OneDrive - Mary Kennedy Law Offices/Calendly_Consultation_Clients.xlsx
  
...............
[2026-09-15 21:30:06] Sync OK
[2026-09-15 21:35:00] Syncing gs://consultation-briefing-system-leads-sheet/leads.xlsx -> /Users/Ganesh/OneDrive - Mary Kennedy Law Offices/Calendly_Consultation_Clients.xlsx
Copying gs://consultation-briefing-system-leads-sheet/leads.xlsx to file:///Users/Ganesh/OneDrive - Mary Kennedy Law Offices/Calendly_Consultation_Clients.xlsx
  
....................
[2026-09-15 21:35:08] Sync OK
[2026-09-15 21:40:00] Syncing gs://consultation-briefing-system-leads-sheet/leads.xlsx -> /Users/Ganesh/OneDrive - Mary Kennedy Law Offices/Calendly_Consultation_Clients.xlsx
Copying gs://consultation-briefing-system-leads-sheet/leads.xlsx to file:///Users/Ganesh/OneDrive - Mary Kennedy Law Offices/Calendly_Consultation_Clients.xlsx
  
...........
[2026-09-15 21:40:05] Sync OK
[2026-09-15 21:45:00] Syncing gs://consultation-briefing-system-leads-sheet/leads.xlsx -> /Users/Ganesh/OneDrive - Mary Kennedy Law Offices/Calendly_Consultation_Clients.xlsx
Copying gs://consultation-briefing-system-leads-sheet/leads.xlsx to file:///Users/Ganesh/OneDrive - Mary Kennedy Law Offices/Calendly_Consultation_Clients.xlsx
  
................
[2026-09-15 21:45:07] Sync OK
[2026-09-15 21:50:00] Syncing gs://consultation-briefing-system-leads-sheet/leads.xlsx -> /Users/Ganesh/OneDrive - Mary Kennedy Law Offices/Calendly_Consultation_Clients.xlsx
Copying gs://consultation-briefing-system-leads-sheet/leads.xlsx to file:///Users/Ganesh/OneDrive - Mary Kennedy Law Offices/Calendly_Consultation_Clients.xlsx
  
....................................
[2026-09-15 21:50:15] Sync OK
[2026-09-15 21:55:00] Syncing gs://consultation-briefing-system-leads-sheet/leads.xlsx -> /Users/Ganesh/OneDrive - Mary Kennedy Law Offices/Calendly_Consultation_Clients.xlsx
Copying gs://consultation-briefing-system-leads-sheet/leads.xlsx to file:///Users/Ganesh/OneDrive - Mary Kennedy Law Offices/Calendly_Consultation_Clients.xlsx
  
.................
[2026-09-15 21:55:07] Sync OK
[2026-09-15 22:00:00] Syncing gs://consultation-briefing-system-leads-sheet/leads.xlsx -> /Users/Ganesh/OneDrive - Mary Kennedy Law Offices/Calendly_Consultation_Clients.xlsx
Copying gs://consultation-briefing-system-leads-sheet/leads.xlsx to file:///Users/Ganesh/OneDrive - Mary Kennedy Law Offices/Calendly_Consultation_Clients.xlsx
  
................
[2026-09-15 22:00:07] Sync OK
[2026-09-15 22:05:00] Syncing gs://consultation-briefing-system-leads-sheet/leads.xlsx -> /Users/Ganesh/OneDrive - Mary Kennedy Law Offices/Calendly_Consultation_Clients.xlsx
Copying gs://consultation-briefing-system-leads-sheet/leads.xlsx to file:///Users/Ganesh/OneDrive - Mary Kennedy Law Offices/Calendly_Consultation_Clients.xlsx
  
....................
[2026-09-15 22:05:07] Sync OK
[2026-09-15 22:10:00] Syncing gs://consultation-briefing-system-leads-sheet/leads.xlsx -> /Users/Ganesh/OneDrive - Mary Kennedy Law Offices/Calendly_Consultation_Clients.xlsx
Copying gs://consultation-briefing-system-leads-sheet/leads.xlsx to file:///Users/Ganesh/OneDrive - Mary Kennedy Law Offices/Calendly_Consultation_Clients.xlsx
  
......................
[2026-09-15 22:10:09] Sync OK
[2026-09-15 22:15:00] Syncing gs://consultation-briefing-system-leads-sheet/leads.xlsx -> /Users/Ganesh/OneDrive - Mary Kennedy Law Offices/Calendly_Consultation_Clients.xlsx
Copying gs://consultation-briefing-system-leads-sheet/leads.xlsx to file:///Users/Ganesh/OneDrive - Mary Kennedy Law Offices/Calendly_Consultation_Clients.xlsx
  
...........
[2026-09-15 22:15:06] Sync OK
[2026-09-15 22:20:00] Syncing gs://consultation-briefing-system-leads-sheet/leads.xlsx -> /Users/Ganesh/OneDrive - Mary Kennedy Law Offices/Calendly_Consultation_Clients.xlsx
Copying gs://consultation-briefing-system-leads-sheet/leads.xlsx to file:///Users/Ganesh/OneDrive - Mary Kennedy Law Offices/Calendly_Consultation_Clients.xlsx
  
............
[2026-09-15 22:20:05] Sync OK
[2026-09-15 22:25:00] Syncing gs://consultation-briefing-system-leads-sheet/leads.xlsx -> /Users/Ganesh/OneDrive - Mary Kennedy Law Offices/Calendly_Consultation_Clients.xlsx
Copying gs://consultation-briefing-system-leads-sheet/leads.xlsx to file:///Users/Ganesh/OneDrive - Mary Kennedy Law Offices/Calendly_Consultation_Clients.xlsx
  
................
[2026-09-15 22:25:07] Sync OK
[2026-09-15 22:30:01] Syncing gs://consultation-briefing-system-leads-sheet/leads.xlsx -> /Users/Ganesh/OneDrive - Mary Kennedy Law Offices/Calendly_Consultation_Clients.xlsx
Copying gs://consultation-briefing-system-leads-sheet/leads.xlsx to file:///Users/Ganesh/OneDrive - Mary Kennedy Law Offices/Calendly_Consultation_Clients.xlsx
  
...............
[2026-09-15 22:30:07] Sync OK
[2026-09-15 22:35:00] Syncing gs://consultation-briefing-system-leads-sheet/leads.xlsx -> /Users/Ganesh/OneDrive - Mary Kennedy Law Offices/Calendly_Consultation_Clients.xlsx
Copying gs://consultation-briefing-system-leads-sheet/leads.xlsx to file:///Users/Ganesh/OneDrive - Mary Kennedy Law Offices/Calendly_Consultation_Clients.xlsx
  
..........
[2026-09-15 22:35:04] Sync OK
[2026-09-15 22:40:00] Syncing gs://consultation-briefing-system-leads-sheet/leads.xlsx -> /Users/Ganesh/OneDrive - Mary Kennedy Law Offices/Calendly_Consultation_Clients.xlsx
Copying gs://consultation-briefing-system-leads-sheet/leads.xlsx to file:///Users/Ganesh/OneDrive - Mary Kennedy Law Offices/Calendly_Consultation_Clients.xlsx
  
................
[2026-09-15 22:40:06] Sync OK
[2026-09-15 22:45:01] Syncing gs://consultation-briefing-system-leads-sheet/leads.xlsx -> /Users/Ganesh/OneDrive - Mary Kennedy Law Offices/Calendly_Consultation_Clients.xlsx
Copying gs://consultation-briefing-system-leads-sheet/leads.xlsx to file:///Users/Ganesh/OneDrive - Mary Kennedy Law Offices/Calendly_Consultation_Clients.xlsx
  
....................
[2026-09-15 22:45:09] Sync OK
[2026-09-15 22:50:00] Syncing gs://consultation-briefing-system-leads-sheet/leads.xlsx -> /Users/Ganesh/OneDrive - Mary Kennedy Law Offices/Calendly_Consultation_Clients.xlsx
Copying gs://consultation-briefing-system-leads-sheet/leads.xlsx to file:///Users/Ganesh/OneDrive - Mary Kennedy Law Offices/Calendly_Consultation_Clients.xlsx
  
.............
[2026-09-15 22:50:08] Sync OK
[2026-09-15 22:55:00] Syncing gs://consultation-briefing-system-leads-sheet/leads.xlsx -> /Users/Ganesh/OneDrive - Mary Kennedy Law Offices/Calendly_Consultation_Clients.xlsx
Copying gs://consultation-briefing-system-leads-sheet/leads.xlsx to file:///Users/Ganesh/OneDrive - Mary Kennedy Law Offices/Calendly_Consultation_Clients.xlsx
  
...............
[2026-09-15 22:55:06] Sync OK
[2026-09-15 23:00:00] Syncing gs://consultation-briefing-system-leads-sheet/leads.xlsx -> /Users/Ganesh/OneDrive - Mary Kennedy Law Offices/Calendly_Consultation_Clients.xlsx
Copying gs://consultation-briefing-system-leads-sheet/leads.xlsx to file:///Users/Ganesh/OneDrive - Mary Kennedy Law Offices/Calendly_Consultation_Clients.xlsx
  
....................
[2026-09-15 23:00:07] Sync OK
[2026-09-15 23:05:00] Syncing gs://consultation-briefing-system-leads-sheet/leads.xlsx -> /Users/Ganesh/OneDrive - Mary Kennedy Law Offices/Calendly_Consultation_Clients.xlsx
Copying gs://consultation-briefing-system-leads-sheet/leads.xlsx to file:///Users/Ganesh/OneDrive - Mary Kennedy Law Offices/Calendly_Consultation_Clients.xlsx
  
..................................................................................................................................................
[2026-09-15 23:05:41] Sync OK
[2026-09-15 23:10:01] Syncing gs://consultation-briefing-system-leads-sheet/leads.xlsx -> /Users/Ganesh/OneDrive - Mary Kennedy Law Offices/Calendly_Consultation_Clients.xlsx
Copying gs://consultation-briefing-system-leads-sheet/leads.xlsx to file:///Users/Ganesh/OneDrive - Mary Kennedy Law Offices/Calendly_Consultation_Clients.xlsx
  
..........
[2026-09-15 23:10:06] Sync OK
[2026-09-15 23:15:00] Syncing gs://consultation-briefing-system-leads-sheet/leads.xlsx -> /Users/Ganesh/OneDrive - Mary Kennedy Law Offices/Calendly_Consultation_Clients.xlsx
Copying gs://consultation-briefing-system-leads-sheet/leads.xlsx to file:///Users/Ganesh/OneDrive - Mary Kennedy Law Offices/Calendly_Consultation_Clients.xlsx
  
.....................
[2026-09-15 23:15:08] Sync OK
[2026-09-15 23:20:00] Syncing gs://consultation-briefing-system-leads-sheet/leads.xlsx -> /Users/Ganesh/OneDrive - Mary Kennedy Law Offices/Calendly_Consultation_Clients.xlsx
Copying gs://consultation-briefing-system-leads-sheet/leads.xlsx to file:///Users/Ganesh/OneDrive - Mary Kennedy Law Offices/Calendly_Consultation_Clients.xlsx
  
..........
[2026-09-15 23:20:04] Sync OK
[2026-09-15 23:25:00] Syncing gs://consultation-briefing-system-leads-sheet/leads.xlsx -> /Users/Ganesh/OneDrive - Mary Kennedy Law Offices/Calendly_Consultation_Clients.xlsx
Copying gs://consultation-briefing-system-leads-sheet/leads.xlsx to file:///Users/Ganesh/OneDrive - Mary Kennedy Law Offices/Calendly_Consultation_Clients.xlsx
  
....................
[2026-09-15 23:25:07] Sync OK
[2026-09-15 23:30:00] Syncing gs://consultation-briefing-system-leads-sheet/leads.xlsx -> /Users/Ganesh/OneDrive - Mary Kennedy Law Offices/Calendly_Consultation_Clients.xlsx
Copying gs://consultation-briefing-system-leads-sheet/leads.xlsx to file:///Users/Ganesh/OneDrive - Mary Kennedy Law Offices/Calendly_Consultation_Clients.xlsx
  
..........
[2026-09-15 23:30:06] Sync OK
[2026-09-15 23:35:00] Syncing gs://consultation-briefing-system-leads-sheet/leads.xlsx -> /Users/Ganesh/OneDrive - Mary Kennedy Law Offices/Calendly_Consultation_Clients.xlsx
Copying gs://consultation-briefing-system-leads-sheet/leads.xlsx to file:///Users/Ganesh/OneDrive - Mary Kennedy Law Offices/Calendly_Consultation_Clients.xlsx
  
...................
[2026-09-15 23:35:08] Sync OK
[2026-09-15 23:40:00] Syncing gs://consultation-briefing-system-leads-sheet/leads.xlsx -> /Users/Ganesh/OneDrive - Mary Kennedy Law Offices/Calendly_Consultation_Clients.xlsx
Copying gs://consultation-briefing-system-leads-sheet/leads.xlsx to file:///Users/Ganesh/OneDrive - Mary Kennedy Law Offices/Calendly_Consultation_Clients.xlsx
  
...............
[2026-09-15 23:40:07] Sync OK
[2026-09-15 23:45:00] Syncing gs://consultation-briefing-system-leads-sheet/leads.xlsx -> /Users/Ganesh/OneDrive - Mary Kennedy Law Offices/Calendly_Consultation_Clients.xlsx
Copying gs://consultation-briefing-system-leads-sheet/leads.xlsx to file:///Users/Ganesh/OneDrive - Mary Kennedy Law Offices/Calendly_Consultation_Clients.xlsx
  
..............
[2026-09-15 23:45:06] Sync OK
[2026-09-15 23:50:00] Syncing gs://consultation-briefing-system-leads-sheet/leads.xlsx -> /Users/Ganesh/OneDrive - Mary Kennedy Law Offices/Calendly_Consultation_Clients.xlsx
Copying gs://consultation-briefing-system-leads-sheet/leads.xlsx to file:///Users/Ganesh/OneDrive - Mary Kennedy Law Offices/Calendly_Consultation_Clients.xlsx
  
....................
[2026-09-15 23:50:07] Sync OK
[2026-09-15 23:55:01] Syncing gs://consultation-briefing-system-leads-sheet/leads.xlsx -> /Users/Ganesh/OneDrive - Mary Kennedy Law Offices/Calendly_Consultation_Clients.xlsx
Copying gs://consultation-briefing-system-leads-sheet/leads.xlsx to file:///Users/Ganesh/OneDrive - Mary Kennedy Law Offices/Calendly_Consultation_Clients.xlsx
  
............
[2026-09-15 23:55:06] Sync OK
[2026-09-16 00:00:00] Syncing gs://consultation-briefing-system-leads-sheet/leads.xlsx -> /Users/Ganesh/OneDrive - Mary Kennedy Law Offices/Calendly_Consultation_Clients.xlsx
Copying gs://consultation-briefing-system-leads-sheet/leads.xlsx to file:///Users/Ganesh/OneDrive - Mary Kennedy Law Offices/Calendly_Consultation_Clients.xlsx
  
...............
[2026-09-16 00:00:06] Sync OK
[2026-09-16 00:05:00] Syncing gs://consultation-briefing-system-leads-sheet/leads.xlsx -> /Users/Ganesh/OneDrive - Mary Kennedy Law Offices/Calendly_Consultation_Clients.xlsx
Copying gs://consultation-briefing-system-leads-sheet/leads.xlsx to file:///Users/Ganesh/OneDrive - Mary Kennedy Law Offices/Calendly_Consultation_Clients.xlsx
  
...........
[2026-09-16 00:05:05] Sync OK
[2026-09-16 00:10:00] Syncing gs://consultation-briefing-system-leads-sheet/leads.xlsx -> /Users/Ganesh/OneDrive - Mary Kennedy Law Offices/Calendly_Consultation_Clients.xlsx
Copying gs://consultation-briefing-system-leads-sheet/leads.xlsx to file:///Users/Ganesh/OneDrive - Mary Kennedy Law Offices/Calendly_Consultation_Clients.xlsx
  
.................
[2026-09-16 00:10:08] Sync OK
[2026-09-16 00:15:00] Syncing gs://consultation-briefing-system-leads-sheet/leads.xlsx -> /Users/Ganesh/OneDrive - Mary Kennedy Law Offices/Calendly_Consultation_Clients.xlsx
Copying gs://consultation-briefing-system-leads-sheet/leads.xlsx to file:///Users/Ganesh/OneDrive - Mary Kennedy Law Offices/Calendly_Consultation_Clients.xlsx
  
...........
[2026-09-16 00:15:05] Sync OK
[2026-09-16 00:20:00] Syncing gs://consultation-briefing-system-leads-sheet/leads.xlsx -> /Users/Ganesh/OneDrive - Mary Kennedy Law Offices/Calendly_Consultation_Clients.xlsx
Copying gs://consultation-briefing-system-leads-sheet/leads.xlsx to file:///Users/Ganesh/OneDrive - Mary Kennedy Law Offices/Calendly_Consultation_Clients.xlsx
  
...............
[2026-09-16 00:20:06] Sync OK
[2026-09-16 00:25:00] Syncing gs://consultation-briefing-system-leads-sheet/leads.xlsx -> /Users/Ganesh/OneDrive - Mary Kennedy Law Offices/Calendly_Consultation_Clients.xlsx
Copying gs://consultation-briefing-system-leads-sheet/leads.xlsx to file:///Users/Ganesh/OneDrive - Mary Kennedy Law Offices/Calendly_Consultation_Clients.xlsx
  
...............
[2026-09-16 00:25:07] Sync OK
[2026-09-16 00:30:00] Syncing gs://consultation-briefing-system-leads-sheet/leads.xlsx -> /Users/Ganesh/OneDrive - Mary Kennedy Law Offices/Calendly_Consultation_Clients.xlsx
Copying gs://consultation-briefing-system-leads-sheet/leads.xlsx to file:///Users/Ganesh/OneDrive - Mary Kennedy Law Offices/Calendly_Consultation_Clients.xlsx
  
...............
[2026-09-16 00:30:06] Sync OK
[2026-09-16 00:35:00] Syncing gs://consultation-briefing-system-leads-sheet/leads.xlsx -> /Users/Ganesh/OneDrive - Mary Kennedy Law Offices/Calendly_Consultation_Clients.xlsx
Copying gs://consultation-briefing-system-leads-sheet/leads.xlsx to file:///Users/Ganesh/OneDrive - Mary Kennedy Law Offices/Calendly_Consultation_Clients.xlsx
  
...................
[2026-09-16 00:35:09] Sync OK
[2026-09-16 00:40:00] Syncing gs://consultation-briefing-system-leads-sheet/leads.xlsx -> /Users/Ganesh/OneDrive - Mary Kennedy Law Offices/Calendly_Consultation_Clients.xlsx
Copying gs://consultation-briefing-system-leads-sheet/leads.xlsx to file:///Users/Ganesh/OneDrive - Mary Kennedy Law Offices/Calendly_Consultation_Clients.xlsx
  
................
[2026-09-16 00:40:07] Sync OK
[2026-09-16 00:45:01] Syncing gs://consultation-briefing-system-leads-sheet/leads.xlsx -> /Users/Ganesh/OneDrive - Mary Kennedy Law Offices/Calendly_Consultation_Clients.xlsx
Copying gs://consultation-briefing-system-leads-sheet/leads.xlsx to file:///Users/Ganesh/OneDrive - Mary Kennedy Law Offices/Calendly_Consultation_Clients.xlsx
  
...........
[2026-09-16 00:45:07] Sync OK
[2026-09-16 00:50:00] Syncing gs://consultation-briefing-system-leads-sheet/leads.xlsx -> /Users/Ganesh/OneDrive - Mary Kennedy Law Offices/Calendly_Consultation_Clients.xlsx
Copying gs://consultation-briefing-system-leads-sheet/leads.xlsx to file:///Users/Ganesh/OneDrive - Mary Kennedy Law Offices/Calendly_Consultation_Clients.xlsx
  
..........
[2026-09-16 00:50:05] Sync OK
[2026-09-16 00:55:00] Syncing gs://consultation-briefing-system-leads-sheet/leads.xlsx -> /Users/Ganesh/OneDrive - Mary Kennedy Law Offices/Calendly_Consultation_Clients.xlsx
Copying gs://consultation-briefing-system-leads-sheet/leads.xlsx to file:///Users/Ganesh/OneDrive - Mary Kennedy Law Offices/Calendly_Consultation_Clients.xlsx
  
...............
[2026-09-16 00:55:07] Sync OK
[2026-09-16 01:00:00] Syncing gs://consultation-briefing-system-leads-sheet/leads.xlsx -> /Users/Ganesh/OneDrive - Mary Kennedy Law Offices/Calendly_Consultation_Clients.xlsx
Copying gs://consultation-briefing-system-leads-sheet/leads.xlsx to file:///Users/Ganesh/OneDrive - Mary Kennedy Law Offices/Calendly_Consultation_Clients.xlsx
  
................
[2026-09-16 01:00:06] Sync OK
[2026-09-16 01:05:01] Syncing gs://consultation-briefing-system-leads-sheet/leads.xlsx -> /Users/Ganesh/OneDrive - Mary Kennedy Law Offices/Calendly_Consultation_Clients.xlsx
Copying gs://consultation-briefing-system-leads-sheet/leads.xlsx to file:///Users/Ganesh/OneDrive - Mary Kennedy Law Offices/Calendly_Consultation_Clients.xlsx
  
............
[2026-09-16 01:05:06] Sync OK
[2026-09-16 01:10:00] Syncing gs://consultation-briefing-system-leads-sheet/leads.xlsx -> /Users/Ganesh/OneDrive - Mary Kennedy Law Offices/Calendly_Consultation_Clients.xlsx
Copying gs://consultation-briefing-system-leads-sheet/leads.xlsx to file:///Users/Ganesh/OneDrive - Mary Kennedy Law Offices/Calendly_Consultation_Clients.xlsx
  
....................
[2026-09-16 01:10:07] Sync OK
[2026-09-16 01:15:00] Syncing gs://consultation-briefing-system-leads-sheet/leads.xlsx -> /Users/Ganesh/OneDrive - Mary Kennedy Law Offices/Calendly_Consultation_Clients.xlsx
Copying gs://consultation-briefing-system-leads-sheet/leads.xlsx to file:///Users/Ganesh/OneDrive - Mary Kennedy Law Offices/Calendly_Consultation_Clients.xlsx
  
...............
[2026-09-16 01:15:08] Sync OK
[2026-09-16 01:20:00] Syncing gs://consultation-briefing-system-leads-sheet/leads.xlsx -> /Users/Ganesh/OneDrive - Mary Kennedy Law Offices/Calendly_Consultation_Clients.xlsx
Copying gs://consultation-briefing-system-leads-sheet/leads.xlsx to file:///Users/Ganesh/OneDrive - Mary Kennedy Law Offices/Calendly_Consultation_Clients.xlsx
  
............
[2026-09-16 01:20:05] Sync OK
[2026-09-16 01:25:00] Syncing gs://consultation-briefing-system-leads-sheet/leads.xlsx -> /Users/Ganesh/OneDrive - Mary Kennedy Law Offices/Calendly_Consultation_Clients.xlsx
Copying gs://consultation-briefing-system-leads-sheet/leads.xlsx to file:///Users/Ganesh/OneDrive - Mary Kennedy Law Offices/Calendly_Consultation_Clients.xlsx
  
...........
[2026-09-16 01:25:05] Sync OK
[2026-09-16 01:30:00] Syncing gs://consultation-briefing-system-leads-sheet/leads.xlsx -> /Users/Ganesh/OneDrive - Mary Kennedy Law Offices/Calendly_Consultation_Clients.xlsx
Copying gs://consultation-briefing-system-leads-sheet/leads.xlsx to file:///Users/Ganesh/OneDrive - Mary Kennedy Law Offices/Calendly_Consultation_Clients.xlsx
  
...........
[2026-09-16 01:30:04] Sync OK
[2026-09-16 01:35:00] Syncing gs://consultation-briefing-system-leads-sheet/leads.xlsx -> /Users/Ganesh/OneDrive - Mary Kennedy Law Offices/Calendly_Consultation_Clients.xlsx
Copying gs://consultation-briefing-system-leads-sheet/leads.xlsx to file:///Users/Ganesh/OneDrive - Mary Kennedy Law Offices/Calendly_Consultation_Clients.xlsx
  
.....................
[2026-09-16 01:35:07] Sync OK
[2026-09-16 01:40:00] Syncing gs://consultation-briefing-system-leads-sheet/leads.xlsx -> /Users/Ganesh/OneDrive - Mary Kennedy Law Offices/Calendly_Consultation_Clients.xlsx
Copying gs://consultation-briefing-system-leads-sheet/leads.xlsx to file:///Users/Ganesh/OneDrive - Mary Kennedy Law Offices/Calendly_Consultation_Clients.xlsx
  
..............
[2026-09-16 01:40:07] Sync OK
[2026-09-16 01:45:00] Syncing gs://consultation-briefing-system-leads-sheet/leads.xlsx -> /Users/Ganesh/OneDrive - Mary Kennedy Law Offices/Calendly_Consultation_Clients.xlsx
Copying gs://consultation-briefing-system-leads-sheet/leads.xlsx to file:///Users/Ganesh/OneDrive - Mary Kennedy Law Offices/Calendly_Consultation_Clients.xlsx
  
.....................
[2026-09-16 01:45:09] Sync OK
[2026-09-16 01:50:00] Syncing gs://consultation-briefing-system-leads-sheet/leads.xlsx -> /Users/Ganesh/OneDrive - Mary Kennedy Law Offices/Calendly_Consultation_Clients.xlsx
Copying gs://consultation-briefing-system-leads-sheet/leads.xlsx to file:///Users/Ganesh/OneDrive - Mary Kennedy Law Offices/Calendly_Consultation_Clients.xlsx
  
.....................
[2026-09-16 01:50:09] Sync OK
[2026-09-16 01:55:00] Syncing gs://consultation-briefing-system-leads-sheet/leads.xlsx -> /Users/Ganesh/OneDrive - Mary Kennedy Law Offices/Calendly_Consultation_Clients.xlsx
Copying gs://consultation-briefing-system-leads-sheet/leads.xlsx to file:///Users/Ganesh/OneDrive - Mary Kennedy Law Offices/Calendly_Consultation_Clients.xlsx
  
................
[2026-09-16 01:55:06] Sync OK
[2026-09-16 02:00:00] Syncing gs://consultation-briefing-system-leads-sheet/leads.xlsx -> /Users/Ganesh/OneDrive - Mary Kennedy Law Offices/Calendly_Consultation_Clients.xlsx
Copying gs://consultation-briefing-system-leads-sheet/leads.xlsx to file:///Users/Ganesh/OneDrive - Mary Kennedy Law Offices/Calendly_Consultation_Clients.xlsx
  
..................
[2026-09-16 02:00:07] Sync OK
[2026-09-16 02:05:00] Syncing gs://consultation-briefing-system-leads-sheet/leads.xlsx -> /Users/Ganesh/OneDrive - Mary Kennedy Law Offices/Calendly_Consultation_Clients.xlsx
Copying gs://consultation-briefing-system-leads-sheet/leads.xlsx to file:///Users/Ganesh/OneDrive - Mary Kennedy Law Offices/Calendly_Consultation_Clients.xlsx
  
................
[2026-09-16 02:05:07] Sync OK
[2026-09-16 02:10:00] Syncing gs://consultation-briefing-system-leads-sheet/leads.xlsx -> /Users/Ganesh/OneDrive - Mary Kennedy Law Offices/Calendly_Consultation_Clients.xlsx
Copying gs://consultation-briefing-system-leads-sheet/leads.xlsx to file:///Users/Ganesh/OneDrive - Mary Kennedy Law Offices/Calendly_Consultation_Clients.xlsx
  
................
[2026-09-16 02:10:08] Sync OK
[2026-09-16 02:15:00] Syncing gs://consultation-briefing-system-leads-sheet/leads.xlsx -> /Users/Ganesh/OneDrive - Mary Kennedy Law Offices/Calendly_Consultation_Clients.xlsx
Copying gs://consultation-briefing-system-leads-sheet/leads.xlsx to file:///Users/Ganesh/OneDrive - Mary Kennedy Law Offices/Calendly_Consultation_Clients.xlsx
  
...............
[2026-09-16 02:15:07] Sync OK
[2026-09-16 02:20:00] Syncing gs://consultation-briefing-system-leads-sheet/leads.xlsx -> /Users/Ganesh/OneDrive - Mary Kennedy Law Offices/Calendly_Consultation_Clients.xlsx
Copying gs://consultation-briefing-system-leads-sheet/leads.xlsx to file:///Users/Ganesh/OneDrive - Mary Kennedy Law Offices/Calendly_Consultation_Clients.xlsx
  
....................
[2026-09-16 02:20:08] Sync OK
[2026-09-16 02:25:00] Syncing gs://consultation-briefing-system-leads-sheet/leads.xlsx -> /Users/Ganesh/OneDrive - Mary Kennedy Law Offices/Calendly_Consultation_Clients.xlsx
Copying gs://consultation-briefing-system-leads-sheet/leads.xlsx to file:///Users/Ganesh/OneDrive - Mary Kennedy Law Offices/Calendly_Consultation_Clients.xlsx
  
....................
[2026-09-16 02:25:08] Sync OK
[2026-09-16 02:30:00] Syncing gs://consultation-briefing-system-leads-sheet/leads.xlsx -> /Users/Ganesh/OneDrive - Mary Kennedy Law Offices/Calendly_Consultation_Clients.xlsx
Copying gs://consultation-briefing-system-leads-sheet/leads.xlsx to file:///Users/Ganesh/OneDrive - Mary Kennedy Law Offices/Calendly_Consultation_Clients.xlsx
  
..................
[2026-09-16 02:30:08] Sync OK
[2026-09-16 02:35:00] Syncing gs://consultation-briefing-system-leads-sheet/leads.xlsx -> /Users/Ganesh/OneDrive - Mary Kennedy Law Offices/Calendly_Consultation_Clients.xlsx
Copying gs://consultation-briefing-system-leads-sheet/leads.xlsx to file:///Users/Ganesh/OneDrive - Mary Kennedy Law Offices/Calendly_Consultation_Clients.xlsx
  
...................
[2026-09-16 02:35:09] Sync OK
